{
	"name": "TracingCheckError",
	"message": "Tracing failed sanity checks!\nERROR: Graphs differed across invocations!\n\tGraph diff:\n\t\t  graph(%self.1 : __torch__.models.TemporalConvTransformer_B,\n\t\t        %x.1 : Tensor):\n\t\t    %cls_head : __torch__.torch.nn.modules.linear.Linear = prim::GetAttr[name=\"cls_head\"](%self.1)\n\t\t    %transformer_layers : __torch__.torch.nn.modules.container.ModuleList = prim::GetAttr[name=\"transformer_layers\"](%self.1)\n\t\t    %_3 : __torch__.torch.nn.modules.container.ModuleDict = prim::GetAttr[name=\"3\"](%transformer_layers)\n\t\t    %norm : __torch__.torch.nn.modules.normalization.LayerNorm = prim::GetAttr[name=\"norm\"](%_3)\n\t\t    %transformer_layers.13 : __torch__.torch.nn.modules.container.ModuleList = prim::GetAttr[name=\"transformer_layers\"](%self.1)\n\t\t    %_3.3 : __torch__.torch.nn.modules.container.ModuleDict = prim::GetAttr[name=\"3\"](%transformer_layers.13)\n\t\t    %encoder : __torch__.torch.nn.modules.transformer.TransformerEncoderLayer = prim::GetAttr[name=\"encoder\"](%_3.3)\n\t\t    %transformer_layers.11 : __torch__.torch.nn.modules.container.ModuleList = prim::GetAttr[name=\"transformer_layers\"](%self.1)\n\t\t    %_2 : __torch__.torch.nn.modules.container.ModuleDict = prim::GetAttr[name=\"2\"](%transformer_layers.11)\n\t\t    %norm.5 : __torch__.torch.nn.modules.normalization.LayerNorm = prim::GetAttr[name=\"norm\"](%_2)\n\t\t    %transformer_layers.9 : __torch__.torch.nn.modules.container.ModuleList = prim::GetAttr[name=\"transformer_layers\"](%self.1)\n\t\t    %_2.3 : __torch__.torch.nn.modules.container.ModuleDict = prim::GetAttr[name=\"2\"](%transformer_layers.9)\n\t\t    %encoder.5 : __torch__.torch.nn.modules.transformer.TransformerEncoderLayer = prim::GetAttr[name=\"encoder\"](%_2.3)\n\t\t    %transformer_layers.7 : __torch__.torch.nn.modules.container.ModuleList = prim::GetAttr[name=\"transformer_layers\"](%self.1)\n\t\t    %_1 : __torch__.torch.nn.modules.container.ModuleDict = prim::GetAttr[name=\"1\"](%transformer_layers.7)\n\t\t    %norm.3 : __torch__.torch.nn.modules.normalization.LayerNorm = prim::GetAttr[name=\"norm\"](%_1)\n\t\t    %transformer_layers.5 : __torch__.torch.nn.modules.container.ModuleList = prim::GetAttr[name=\"transformer_layers\"](%self.1)\n\t\t    %_1.3 : __torch__.torch.nn.modules.container.ModuleDict = prim::GetAttr[name=\"1\"](%transformer_layers.5)\n\t\t    %encoder.3 : __torch__.torch.nn.modules.transformer.TransformerEncoderLayer = prim::GetAttr[name=\"encoder\"](%_1.3)\n\t\t    %transformer_layers.3 : __torch__.torch.nn.modules.container.ModuleList = prim::GetAttr[name=\"transformer_layers\"](%self.1)\n\t\t    %_0 : __torch__.torch.nn.modules.container.ModuleDict = prim::GetAttr[name=\"0\"](%transformer_layers.3)\n\t\t    %norm.1 : __torch__.torch.nn.modules.normalization.LayerNorm = prim::GetAttr[name=\"norm\"](%_0)\n\t\t    %transformer_layers.1 : __torch__.torch.nn.modules.container.ModuleList = prim::GetAttr[name=\"transformer_layers\"](%self.1)\n\t\t    %_0.3 : __torch__.torch.nn.modules.container.ModuleDict = prim::GetAttr[name=\"0\"](%transformer_layers.1)\n\t\t    %encoder.1 : __torch__.torch.nn.modules.transformer.TransformerEncoderLayer = prim::GetAttr[name=\"encoder\"](%_0.3)\n\t\t    %pos_embed : Tensor = prim::GetAttr[name=\"pos_embed\"](%self.1)\n\t\t    %cls_token : Tensor = prim::GetAttr[name=\"cls_token\"](%self.1)\n\t\t    %patch_embedding : __torch__.torch.nn.modules.linear.Linear = prim::GetAttr[name=\"patch_embedding\"](%self.1)\n\t\t    %temporal_conv : __torch__.models.CNN1dBlock = prim::GetAttr[name=\"temporal_conv\"](%self.1)\n\t\t    %31 : int = prim::Constant[value=0]() # c:\\Users\\jaabi\\Documents\\ulisboa\\deep learning\\asl_project\\models.py:163:0\n\t\t    %32 : int = aten::size(%x.1, %31) # c:\\Users\\jaabi\\Documents\\ulisboa\\deep learning\\asl_project\\models.py:163:0\n\t\t    %B : Tensor = prim::NumToTensor(%32)\n\t\t    %34 : int = aten::Int(%B)\n\t\t    %35 : int = aten::Int(%B)\n\t\t    %36 : int = prim::Constant[value=0]() # c:\\Users\\jaabi\\Documents\\ulisboa\\deep learning\\asl_project\\models.py:165:0\n\t\t    %37 : int = prim::Constant[value=2]() # c:\\Users\\jaabi\\Documents\\ulisboa\\deep learning\\asl_project\\models.py:165:0\n\t\t    %38 : int = prim::Constant[value=1]() # c:\\Users\\jaabi\\Documents\\ulisboa\\deep learning\\asl_project\\models.py:165:0\n\t\t    %39 : int[] = prim::ListConstruct(%36, %37, %38)\n\t\t    %input.1 : Tensor = aten::permute(%x.1, %39) # c:\\Users\\jaabi\\Documents\\ulisboa\\deep learning\\asl_project\\models.py:165:0\n\t\t    %79 : bool = prim::Constant[value=1](), scope: __module.temporal_conv/__module.temporal_conv.cnn_block/__module.temporal_conv.cnn_block.0 # c:\\Users\\jaabi\\Documents\\ulisboa\\deep learning\\asl_project\\venv\\Lib\\site-packages\\torch\\nn\\modules\\conv.py:370:0\n\t\t    %80 : int = prim::Constant[value=0](), scope: __module.temporal_conv/__module.temporal_conv.cnn_block/__module.temporal_conv.cnn_block.0 # c:\\Users\\jaabi\\Documents\\ulisboa\\deep learning\\asl_project\\venv\\Lib\\site-packages\\torch\\nn\\modules\\conv.py:370:0\n\t\t    %81 : bool = prim::Constant[value=0](), scope: __module.temporal_conv/__module.temporal_conv.cnn_block/__module.temporal_conv.cnn_block.0 # c:\\Users\\jaabi\\Documents\\ulisboa\\deep learning\\asl_project\\venv\\Lib\\site-packages\\torch\\nn\\modules\\conv.py:370:0\n\t\t    %82 : int = prim::Constant[value=1](), scope: __module.temporal_conv/__module.temporal_conv.cnn_block/__module.temporal_conv.cnn_block.0 # c:\\Users\\jaabi\\Documents\\ulisboa\\deep learning\\asl_project\\venv\\Lib\\site-packages\\torch\\nn\\modules\\conv.py:370:0\n\t\t    %83 : float = prim::Constant[value=1.0000000000000001e-05](), scope: __module.temporal_conv/__module.temporal_conv.cnn_block/__module.temporal_conv.cnn_block.2 # c:\\Users\\jaabi\\Documents\\ulisboa\\deep learning\\asl_project\\venv\\Lib\\site-packages\\torch\\nn\\functional.py:2812:0\n\t\t    %84 : float = prim::Constant[value=0.10000000000000001](), scope: __module.temporal_conv/__module.temporal_conv.cnn_block/__module.temporal_conv.cnn_block.2 # c:\\Users\\jaabi\\Documents\\ulisboa\\deep learning\\asl_project\\venv\\Lib\\site-packages\\torch\\nn\\functional.py:2812:0\n\t\t    %85 : float = prim::Constant[value=0.41999999999999998](), scope: __module.temporal_conv/__module.temporal_conv.cnn_block/__module.temporal_conv.cnn_block.3 # c:\\Users\\jaabi\\Documents\\ulisboa\\deep learning\\asl_project\\venv\\Lib\\site-packages\\torch\\nn\\functional.py:1425:0\n\t\t    %cnn_block : __torch__.torch.nn.modules.container.Sequential = prim::GetAttr[name=\"cnn_block\"](%temporal_conv)\n\t\t    %_3.1 : __torch__.torch.nn.modules.dropout.Dropout = prim::GetAttr[name=\"3\"](%cnn_block)\n\t\t    %_2.1 : __torch__.torch.nn.modules.batchnorm.BatchNorm1d = prim::GetAttr[name=\"2\"](%cnn_block)\n\t\t    %_1.1 : __torch__.torch.nn.modules.activation.ReLU = prim::GetAttr[name=\"1\"](%cnn_block)\n\t\t    %_0.1 : __torch__.torch.nn.modules.conv.Conv1d = prim::GetAttr[name=\"0\"](%cnn_block)\n\t\t-   %bias.29 : Tensor = prim::GetAttr[name=\"bias\"](%_0.1)\n\t\t?         ^^\n\t\t+   %bias.13 : Tensor = prim::GetAttr[name=\"bias\"](%_0.1)\n\t\t?         ^^\n\t\t-   %weight.29 : Tensor = prim::GetAttr[name=\"weight\"](%_0.1)\n\t\t?           ^^\n\t\t+   %weight.13 : Tensor = prim::GetAttr[name=\"weight\"](%_0.1)\n\t\t?           ^^\n\t\t    %93 : int[] = prim::ListConstruct(%82), scope: __module.temporal_conv/__module.temporal_conv.cnn_block/__module.temporal_conv.cnn_block.0\n\t\t    %94 : int[] = prim::ListConstruct(%82), scope: __module.temporal_conv/__module.temporal_conv.cnn_block/__module.temporal_conv.cnn_block.0\n\t\t    %95 : int[] = prim::ListConstruct(%82), scope: __module.temporal_conv/__module.temporal_conv.cnn_block/__module.temporal_conv.cnn_block.0\n\t\t    %96 : int[] = prim::ListConstruct(%80), scope: __module.temporal_conv/__module.temporal_conv.cnn_block/__module.temporal_conv.cnn_block.0\n\t\t-   %input.3 : Tensor = aten::_convolution(%input.1, %weight.29, %bias.29, %93, %94, %95, %81, %96, %82, %81, %81, %79, %79), scope: __module.temporal_conv/__module.temporal_conv.cnn_block/__module.temporal_conv.cnn_block.0 # c:\\Users\\jaabi\\Documents\\ulisboa\\deep learning\\asl_project\\venv\\Lib\\site-packages\\torch\\nn\\modules\\conv.py:370:0\n\t\t?                                                            ^^^^^^^^^^^^^^^^^^\n\t\t+   %input.3 : Tensor = aten::_convolution(%input.1, %weight.13, %bias.13, %93, %94, %95, %81, %96, %82, %81, %81, %79, %79), scope: __module.temporal_conv/__module.temporal_conv.cnn_block/__module.temporal_conv.cnn_block.0 # c:\\Users\\jaabi\\Documents\\ulisboa\\deep learning\\asl_project\\venv\\Lib\\site-packages\\torch\\nn\\modules\\conv.py:370:0\n\t\t?                                                            ^^^^^^^^^^^^^^^^^^\n\t\t    %input.5 : Tensor = aten::relu(%input.3), scope: __module.temporal_conv/__module.temporal_conv.cnn_block/__module.temporal_conv.cnn_block.1 # c:\\Users\\jaabi\\Documents\\ulisboa\\deep learning\\asl_project\\venv\\Lib\\site-packages\\torch\\nn\\functional.py:1704:0\n\t\t    %running_var : Tensor = prim::GetAttr[name=\"running_var\"](%_2.1)\n\t\t    %running_mean : Tensor = prim::GetAttr[name=\"running_mean\"](%_2.1)\n\t\t-   %bias.31 : Tensor = prim::GetAttr[name=\"bias\"](%_2.1)\n\t\t?         -\n\t\t+   %bias.15 : Tensor = prim::GetAttr[name=\"bias\"](%_2.1)\n\t\t?          +\n\t\t-   %weight.31 : Tensor = prim::GetAttr[name=\"weight\"](%_2.1)\n\t\t?           -\n\t\t+   %weight.15 : Tensor = prim::GetAttr[name=\"weight\"](%_2.1)\n\t\t?            +\n\t\t-   %input.7 : Tensor = aten::batch_norm(%input.5, %weight.31, %bias.31, %running_mean, %running_var, %81, %84, %83, %79), scope: __module.temporal_conv/__module.temporal_conv.cnn_block/__module.temporal_conv.cnn_block.2 # c:\\Users\\jaabi\\Documents\\ulisboa\\deep learning\\asl_project\\venv\\Lib\\site-packages\\torch\\nn\\functional.py:2812:0\n\t\t?                                                          - ^^^^^^^^^ ^^^^^^^^^^^^^^^^^^^^^^^^^^^^^^\n\t\t+   %input.7 : Tensor = aten::batch_norm(%input.5, %weight.15, %bias.15, %running_mean, %running_var, %81, %84, %83, %79), scope: __module.temporal_conv/__module.temporal_conv.cnn_block/__module.temporal_conv.cnn_block.2 # c:\\Users\\jaabi\\Documents\\ulisboa\\deep learning\\asl_project\\venv\\Lib\\site-packages\\torch\\nn\\functional.py:2812:0\n\t\t?                                                           ^^^^^^^^^ ^^^^^^^^^^^^^^^^^^^^^^^^^^^^^^^\n\t\t    %x.3 : Tensor = aten::dropout(%input.7, %85, %81), scope: __module.temporal_conv/__module.temporal_conv.cnn_block/__module.temporal_conv.cnn_block.3 # c:\\Users\\jaabi\\Documents\\ulisboa\\deep learning\\asl_project\\venv\\Lib\\site-packages\\torch\\nn\\functional.py:1425:0\n\t\t    %42 : int = prim::Constant[value=0]() # c:\\Users\\jaabi\\Documents\\ulisboa\\deep learning\\asl_project\\models.py:167:0\n\t\t    %43 : int = prim::Constant[value=2]() # c:\\Users\\jaabi\\Documents\\ulisboa\\deep learning\\asl_project\\models.py:167:0\n\t\t    %44 : int = prim::Constant[value=1]() # c:\\Users\\jaabi\\Documents\\ulisboa\\deep learning\\asl_project\\models.py:167:0\n\t\t    %45 : int[] = prim::ListConstruct(%42, %43, %44)\n\t\t    %x.5 : Tensor = aten::permute(%x.3, %45) # c:\\Users\\jaabi\\Documents\\ulisboa\\deep learning\\asl_project\\models.py:167:0\n\t\t    %47 : int = prim::Constant[value=4]() # c:\\Users\\jaabi\\Documents\\ulisboa\\deep learning\\asl_project\\models.py:170:0\n\t\t    %48 : int = prim::Constant[value=2048]() # c:\\Users\\jaabi\\Documents\\ulisboa\\deep learning\\asl_project\\models.py:170:0\n\t\t    %49 : int[] = prim::ListConstruct(%35, %47, %48)\n\t\t    %input.9 : Tensor = aten::reshape(%x.5, %49) # c:\\Users\\jaabi\\Documents\\ulisboa\\deep learning\\asl_project\\models.py:170:0\n\t\t-   %bias.33 : Tensor = prim::GetAttr[name=\"bias\"](%patch_embedding)\n\t\t?         ^^\n\t\t+   %bias.17 : Tensor = prim::GetAttr[name=\"bias\"](%patch_embedding)\n\t\t?         ^^\n\t\t-   %weight.33 : Tensor = prim::GetAttr[name=\"weight\"](%patch_embedding)\n\t\t?           ^^\n\t\t+   %weight.17 : Tensor = prim::GetAttr[name=\"weight\"](%patch_embedding)\n\t\t?           ^^\n\t\t-   %x.7 : Tensor = aten::linear(%input.9, %weight.33, %bias.33), scope: __module.patch_embedding # c:\\Users\\jaabi\\Documents\\ulisboa\\deep learning\\asl_project\\venv\\Lib\\site-packages\\torch\\nn\\modules\\linear.py:125:0\n\t\t?                                                  ^^        ^^\n\t\t+   %x.7 : Tensor = aten::linear(%input.9, %weight.17, %bias.17), scope: __module.patch_embedding # c:\\Users\\jaabi\\Documents\\ulisboa\\deep learning\\asl_project\\venv\\Lib\\site-packages\\torch\\nn\\modules\\linear.py:125:0\n\t\t?                                                  ^^        ^^\n\t\t    %52 : int = prim::Constant[value=-1]() # c:\\Users\\jaabi\\Documents\\ulisboa\\deep learning\\asl_project\\models.py:175:0\n\t\t    %53 : int = prim::Constant[value=-1]() # c:\\Users\\jaabi\\Documents\\ulisboa\\deep learning\\asl_project\\models.py:175:0\n\t\t    %54 : int[] = prim::ListConstruct(%34, %52, %53)\n\t\t    %55 : bool = prim::Constant[value=0]() # c:\\Users\\jaabi\\Documents\\ulisboa\\deep learning\\asl_project\\models.py:175:0\n\t\t    %cls_tokens : Tensor = aten::expand(%cls_token, %54, %55) # c:\\Users\\jaabi\\Documents\\ulisboa\\deep learning\\asl_project\\models.py:175:0\n\t\t    %57 : Tensor[] = prim::ListConstruct(%cls_tokens, %x.7)\n\t\t    %58 : int = prim::Constant[value=1]() # c:\\Users\\jaabi\\Documents\\ulisboa\\deep learning\\asl_project\\models.py:176:0\n\t\t    %x.9 : Tensor = aten::cat(%57, %58) # c:\\Users\\jaabi\\Documents\\ulisboa\\deep learning\\asl_project\\models.py:176:0\n\t\t    %60 : int = prim::Constant[value=1]() # c:\\Users\\jaabi\\Documents\\ulisboa\\deep learning\\asl_project\\models.py:179:0\n\t\t-   %query.1 : Tensor = aten::add(%x.9, %pos_embed, %60) # c:\\Users\\jaabi\\Documents\\ulisboa\\deep learning\\asl_project\\models.py:179:0\n\t\t?    ^^^ ^\n\t\t+   %src.1 : Tensor = aten::add(%x.9, %pos_embed, %60) # c:\\Users\\jaabi\\Documents\\ulisboa\\deep learning\\asl_project\\models.py:179:0\n\t\t?    ^ ^\n\t\t-   %108 : int = prim::Constant[value=512](), scope: __module.transformer_layers.0.encoder/__module.transformer_layers.0.encoder.norm1 # c:\\Users\\jaabi\\Documents\\ulisboa\\deep learning\\asl_project\\venv\\Lib\\site-packages\\torch\\nn\\functional.py:2900:0\n\t\t-   %109 : float = prim::Constant[value=1.0000000000000001e-05](), scope: __module.transformer_layers.0.encoder/__module.transformer_layers.0.encoder.norm1 # c:\\Users\\jaabi\\Documents\\ulisboa\\deep learning\\asl_project\\venv\\Lib\\site-packages\\torch\\nn\\functional.py:2900:0\n\t\t-   %110 : bool = prim::Constant[value=1](), scope: __module.transformer_layers.0.encoder/__module.transformer_layers.0.encoder.norm1 # c:\\Users\\jaabi\\Documents\\ulisboa\\deep learning\\asl_project\\venv\\Lib\\site-packages\\torch\\nn\\functional.py:2900:0\n\t\t-   %111 : float = prim::Constant[value=0.41999999999999998](), scope: __module.transformer_layers.0.encoder/__module.transformer_layers.0.encoder.dropout1 # c:\\Users\\jaabi\\Documents\\ulisboa\\deep learning\\asl_project\\venv\\Lib\\site-packages\\torch\\nn\\functional.py:1425:0\n\t\t-   %112 : int = prim::Constant[value=1](), scope: __module.transformer_layers.0.encoder/__module.transformer_layers.0.encoder.self_attn # c:\\Users\\jaabi\\Documents\\ulisboa\\deep learning\\asl_project\\venv\\Lib\\site-packages\\torch\\nn\\modules\\activation.py:1334:0\n\t\t-   %113 : int = prim::Constant[value=0](), scope: __module.transformer_layers.0.encoder/__module.transformer_layers.0.encoder.self_attn # c:\\Users\\jaabi\\Documents\\ulisboa\\deep learning\\asl_project\\venv\\Lib\\site-packages\\torch\\nn\\modules\\activation.py:1334:0\n\t\t-   %114 : int = prim::Constant[value=2](), scope: __module.transformer_layers.0.encoder/__module.transformer_layers.0.encoder.self_attn # c:\\Users\\jaabi\\Documents\\ulisboa\\deep learning\\asl_project\\venv\\Lib\\site-packages\\torch\\nn\\functional.py:6030:0\n\t\t-   %115 : Tensor = prim::Constant[value={8}](), scope: __module.transformer_layers.0.encoder/__module.transformer_layers.0.encoder.self_attn # c:\\Users\\jaabi\\Documents\\ulisboa\\deep learning\\asl_project\\venv\\Lib\\site-packages\\torch\\nn\\functional.py:6074:0\n\t\t-   %116 : str = prim::Constant[value=\"trunc\"](), scope: __module.transformer_layers.0.encoder/__module.transformer_layers.0.encoder.self_attn # c:\\Users\\jaabi\\Documents\\ulisboa\\deep learning\\asl_project\\venv\\Lib\\site-packages\\torch\\nn\\functional.py:6074:0\n\t\t-   %117 : int = prim::Constant[value=-1](), scope: __module.transformer_layers.0.encoder/__module.transformer_layers.0.encoder.self_attn # c:\\Users\\jaabi\\Documents\\ulisboa\\deep learning\\asl_project\\venv\\Lib\\site-packages\\torch\\nn\\functional.py:5497:0\n\t\t-   %118 : int = prim::Constant[value=3](), scope: __module.transformer_layers.0.encoder/__module.transformer_layers.0.encoder.self_attn # c:\\Users\\jaabi\\Documents\\ulisboa\\deep learning\\asl_project\\venv\\Lib\\site-packages\\torch\\_tensor.py:1376:0\n\t\t-   %119 : int = prim::Constant[value=-2](), scope: __module.transformer_layers.0.encoder/__module.transformer_layers.0.encoder.self_attn # c:\\Users\\jaabi\\Documents\\ulisboa\\deep learning\\asl_project\\venv\\Lib\\site-packages\\torch\\nn\\functional.py:5506:0\n\t\t-   %120 : int = prim::Constant[value=8](), scope: __module.transformer_layers.0.encoder/__module.transformer_layers.0.encoder.self_attn # c:\\Users\\jaabi\\Documents\\ulisboa\\deep learning\\asl_project\\venv\\Lib\\site-packages\\torch\\nn\\functional.py:6274:0\n\t\t-   %121 : NoneType = prim::Constant(), scope: __module.transformer_layers.0.encoder/__module.transformer_layers.0.encoder.self_attn\n\t\t?     ^^                                                                            ------------------------------------------------\n\t\t+   %108 : NoneType = prim::Constant(), scope: __module.transformer_layers.0.encoder\n\t\t?     ^^\n\t\t-   %122 : float = prim::Constant[value=0.](), scope: __module.transformer_layers.0.encoder/__module.transformer_layers.0.encoder.self_attn # c:\\Users\\jaabi\\Documents\\ulisboa\\deep learning\\asl_project\\venv\\Lib\\site-packages\\torch\\nn\\functional.py:6278:0\n\t\t-   %123 : bool = prim::Constant[value=0](), scope: __module.transformer_layers.0.encoder/__module.transformer_layers.0.encoder.self_attn # c:\\Users\\jaabi\\Documents\\ulisboa\\deep learning\\asl_project\\venv\\Lib\\site-packages\\torch\\nn\\functional.py:6278:0\n\t\t+   %109 : float = prim::Constant[value=1.0000000000000001e-05](), scope: __module.transformer_layers.0.encoder # c:\\Users\\jaabi\\Documents\\ulisboa\\deep learning\\asl_project\\venv\\Lib\\site-packages\\torch\\nn\\modules\\transformer.py:871:0\n\t\t+   %110 : bool = prim::Constant[value=0](), scope: __module.transformer_layers.0.encoder # c:\\Users\\jaabi\\Documents\\ulisboa\\deep learning\\asl_project\\venv\\Lib\\site-packages\\torch\\nn\\modules\\transformer.py:871:0\n\t\t+   %111 : int = prim::Constant[value=8](), scope: __module.transformer_layers.0.encoder # c:\\Users\\jaabi\\Documents\\ulisboa\\deep learning\\asl_project\\venv\\Lib\\site-packages\\torch\\nn\\modules\\transformer.py:871:0\n\t\t+   %112 : int = prim::Constant[value=512](), scope: __module.transformer_layers.0.encoder # c:\\Users\\jaabi\\Documents\\ulisboa\\deep learning\\asl_project\\venv\\Lib\\site-packages\\torch\\nn\\modules\\transformer.py:871:0\n\t\t+   %linear2.3 : __torch__.torch.nn.modules.linear.Linear = prim::GetAttr[name=\"linear2\"](%encoder.1)\n\t\t+   %bias.27 : Tensor = prim::GetAttr[name=\"bias\"](%linear2.3)\n\t\t+   %linear2.1 : __torch__.torch.nn.modules.linear.Linear = prim::GetAttr[name=\"linear2\"](%encoder.1)\n\t\t+   %weight.27 : Tensor = prim::GetAttr[name=\"weight\"](%linear2.1)\n\t\t+   %linear1.3 : __torch__.torch.nn.modules.linear.Linear = prim::GetAttr[name=\"linear1\"](%encoder.1)\n\t\t+   %bias.25 : Tensor = prim::GetAttr[name=\"bias\"](%linear1.3)\n\t\t+   %linear1.1 : __torch__.torch.nn.modules.linear.Linear = prim::GetAttr[name=\"linear1\"](%encoder.1)\n\t\t+   %weight.25 : Tensor = prim::GetAttr[name=\"weight\"](%linear1.1)\n\t\t+   %norm2.3 : __torch__.torch.nn.modules.normalization.LayerNorm = prim::GetAttr[name=\"norm2\"](%encoder.1)\n\t\t+   %bias.23 : Tensor = prim::GetAttr[name=\"bias\"](%norm2.3)\n\t\t    %norm2.1 : __torch__.torch.nn.modules.normalization.LayerNorm = prim::GetAttr[name=\"norm2\"](%encoder.1)\n\t\t+   %weight.23 : Tensor = prim::GetAttr[name=\"weight\"](%norm2.1)\n\t\t-   %dropout2.1 : __torch__.torch.nn.modules.dropout.Dropout = prim::GetAttr[name=\"dropout2\"](%encoder.1)\n\t\t-   %linear2.1 : __torch__.torch.nn.modules.linear.Linear = prim::GetAttr[name=\"linear2\"](%encoder.1)\n\t\t-   %dropout.1 : __torch__.torch.nn.modules.dropout.Dropout = prim::GetAttr[name=\"dropout\"](%encoder.1)\n\t\t-   %linear1.1 : __torch__.torch.nn.modules.linear.Linear = prim::GetAttr[name=\"linear1\"](%encoder.1)\n\t\t?    -- ^^   ^                                 ---  ^^ -                        -- ^^\n\t\t+   %norm1.3 : __torch__.torch.nn.modules.normalization.LayerNorm = prim::GetAttr[name=\"norm1\"](%encoder.1)\n\t\t?     ^ +  ^                              +++++  +++++   ^^  ++++                        ^ +\n\t\t+   %bias.21 : Tensor = prim::GetAttr[name=\"bias\"](%norm1.3)\n\t\t    %norm1.1 : __torch__.torch.nn.modules.normalization.LayerNorm = prim::GetAttr[name=\"norm1\"](%encoder.1)\n\t\t-   %dropout1.1 : __torch__.torch.nn.modules.dropout.Dropout = prim::GetAttr[name=\"dropout1\"](%encoder.1)\n\t\t+   %weight.21 : Tensor = prim::GetAttr[name=\"weight\"](%norm1.1)\n\t\t+   %self_attn.7 : __torch__.torch.nn.modules.activation.MultiheadAttention = prim::GetAttr[name=\"self_attn\"](%encoder.1)\n\t\t+   %out_proj.3 : __torch__.torch.nn.modules.linear.NonDynamicallyQuantizableLinear = prim::GetAttr[name=\"out_proj\"](%self_attn.7)\n\t\t+   %bias.19 : Tensor = prim::GetAttr[name=\"bias\"](%out_proj.3)\n\t\t+   %self_attn.5 : __torch__.torch.nn.modules.activation.MultiheadAttention = prim::GetAttr[name=\"self_attn\"](%encoder.1)\n\t\t+   %out_proj.1 : __torch__.torch.nn.modules.linear.NonDynamicallyQuantizableLinear = prim::GetAttr[name=\"out_proj\"](%self_attn.5)\n\t\t+   %weight.19 : Tensor = prim::GetAttr[name=\"weight\"](%out_proj.1)\n\t\t+   %self_attn.3 : __torch__.torch.nn.modules.activation.MultiheadAttention = prim::GetAttr[name=\"self_attn\"](%encoder.1)\n\t\t+   %in_proj_bias.1 : Tensor = prim::GetAttr[name=\"in_proj_bias\"](%self_attn.3)\n\t\t    %self_attn.1 : __torch__.torch.nn.modules.activation.MultiheadAttention = prim::GetAttr[name=\"self_attn\"](%encoder.1)\n\t\t-   %out_proj.3 : __torch__.torch.nn.modules.linear.NonDynamicallyQuantizableLinear = prim::GetAttr[name=\"out_proj\"](%self_attn.1)\n\t\t-   %bias.35 : Tensor = prim::GetAttr[name=\"bias\"](%out_proj.3)\n\t\t-   %out_proj.1 : __torch__.torch.nn.modules.linear.NonDynamicallyQuantizableLinear = prim::GetAttr[name=\"out_proj\"](%self_attn.1)\n\t\t-   %weight.35 : Tensor = prim::GetAttr[name=\"weight\"](%out_proj.1)\n\t\t-   %in_proj_bias.1 : Tensor = prim::GetAttr[name=\"in_proj_bias\"](%self_attn.1)\n\t\t    %in_proj_weight.1 : Tensor = prim::GetAttr[name=\"in_proj_weight\"](%self_attn.1)\n\t\t+   %input.11 : Tensor = aten::_transformer_encoder_layer_fwd(%src.1, %112, %111, %in_proj_weight.1, %in_proj_bias.1, %weight.19, %bias.19, %110, %110, %109, %weight.21, %bias.21, %weight.23, %bias.23, %weight.25, %bias.25, %weight.27, %bias.27, %108, %108), scope: __module.transformer_layers.0.encoder # c:\\Users\\jaabi\\Documents\\ulisboa\\deep learning\\asl_project\\venv\\Lib\\site-packages\\torch\\nn\\modules\\transformer.py:871:0\n\t\t-   %query.3 : Tensor = aten::transpose(%query.1, %112, %113), scope: __module.transformer_layers.0.encoder/__module.transformer_layers.0.encoder.self_attn # c:\\Users\\jaabi\\Documents\\ulisboa\\deep learning\\asl_project\\venv\\Lib\\site-packages\\torch\\nn\\modules\\activation.py:1334:0\n\t\t-   %139 : int = aten::size(%query.3, %113), scope: __module.transformer_layers.0.encoder/__module.transformer_layers.0.encoder.self_attn # c:\\Users\\jaabi\\Documents\\ulisboa\\deep learning\\asl_project\\venv\\Lib\\site-packages\\torch\\nn\\functional.py:6030:0\n\t\t-   %tgt_len.1 : Tensor = prim::NumToTensor(%139), scope: __module.transformer_layers.0.encoder/__module.transformer_layers.0.encoder.self_attn\n\t\t-   %141 : int = aten::size(%query.3, %112), scope: __module.transformer_layers.0.encoder/__module.transformer_layers.0.encoder.self_attn # c:\\Users\\jaabi\\Documents\\ulisboa\\deep learning\\asl_project\\venv\\Lib\\site-packages\\torch\\nn\\functional.py:6030:0\n\t\t-   %bsz.1 : Tensor = prim::NumToTensor(%141), scope: __module.transformer_layers.0.encoder/__module.transformer_layers.0.encoder.self_attn\n\t\t-   %143 : int = aten::size(%query.3, %114), scope: __module.transformer_layers.0.encoder/__module.transformer_layers.0.encoder.self_attn # c:\\Users\\jaabi\\Documents\\ulisboa\\deep learning\\asl_project\\venv\\Lib\\site-packages\\torch\\nn\\functional.py:6030:0\n\t\t-   %embed_dim.1 : Tensor = prim::NumToTensor(%143), scope: __module.transformer_layers.0.encoder/__module.transformer_layers.0.encoder.self_attn\n\t\t-   %head_dim.1 : Tensor = aten::div(%embed_dim.1, %115, %116), scope: __module.transformer_layers.0.encoder/__module.transformer_layers.0.encoder.self_attn # c:\\Users\\jaabi\\Documents\\ulisboa\\deep learning\\asl_project\\venv\\Lib\\site-packages\\torch\\nn\\functional.py:6074:0\n\t\t-   %146 : int = aten::Int(%head_dim.1), scope: __module.transformer_layers.0.encoder/__module.transformer_layers.0.encoder.self_attn\n\t\t-   %147 : int = aten::Int(%head_dim.1), scope: __module.transformer_layers.0.encoder/__module.transformer_layers.0.encoder.self_attn\n\t\t-   %148 : int = aten::Int(%head_dim.1), scope: __module.transformer_layers.0.encoder/__module.transformer_layers.0.encoder.self_attn\n\t\t-   %149 : int = aten::Int(%head_dim.1), scope: __module.transformer_layers.0.encoder/__module.transformer_layers.0.encoder.self_attn\n\t\t-   %150 : int = aten::Int(%head_dim.1), scope: __module.transformer_layers.0.encoder/__module.transformer_layers.0.encoder.self_attn\n\t\t-   %151 : int = aten::Int(%head_dim.1), scope: __module.transformer_layers.0.encoder/__module.transformer_layers.0.encoder.self_attn\n\t\t-   %152 : int = aten::size(%query.3, %117), scope: __module.transformer_layers.0.encoder/__module.transformer_layers.0.encoder.self_attn # c:\\Users\\jaabi\\Documents\\ulisboa\\deep learning\\asl_project\\venv\\Lib\\site-packages\\torch\\nn\\functional.py:5497:0\n\t\t-   %153 : Tensor = aten::linear(%query.3, %in_proj_weight.1, %in_proj_bias.1), scope: __module.transformer_layers.0.encoder/__module.transformer_layers.0.encoder.self_attn # c:\\Users\\jaabi\\Documents\\ulisboa\\deep learning\\asl_project\\venv\\Lib\\site-packages\\torch\\nn\\functional.py:5501:0\n\t\t-   %154 : int[] = prim::ListConstruct(%118, %152), scope: __module.transformer_layers.0.encoder/__module.transformer_layers.0.encoder.self_attn\n\t\t-   %155 : Tensor = aten::unflatten(%153, %117, %154), scope: __module.transformer_layers.0.encoder/__module.transformer_layers.0.encoder.self_attn # c:\\Users\\jaabi\\Documents\\ulisboa\\deep learning\\asl_project\\venv\\Lib\\site-packages\\torch\\_tensor.py:1376:0\n\t\t-   %156 : Tensor = aten::unsqueeze(%155, %113), scope: __module.transformer_layers.0.encoder/__module.transformer_layers.0.encoder.self_attn # c:\\Users\\jaabi\\Documents\\ulisboa\\deep learning\\asl_project\\venv\\Lib\\site-packages\\torch\\nn\\functional.py:5505:0\n\t\t-   %157 : Tensor = aten::transpose(%156, %113, %119), scope: __module.transformer_layers.0.encoder/__module.transformer_layers.0.encoder.self_attn # c:\\Users\\jaabi\\Documents\\ulisboa\\deep learning\\asl_project\\venv\\Lib\\site-packages\\torch\\nn\\functional.py:5506:0\n\t\t-   %158 : Tensor = aten::squeeze(%157, %119), scope: __module.transformer_layers.0.encoder/__module.transformer_layers.0.encoder.self_attn # c:\\Users\\jaabi\\Documents\\ulisboa\\deep learning\\asl_project\\venv\\Lib\\site-packages\\torch\\nn\\functional.py:5507:0\n\t\t-   %proj.1 : Tensor = aten::contiguous(%158, %113), scope: __module.transformer_layers.0.encoder/__module.transformer_layers.0.encoder.self_attn # c:\\Users\\jaabi\\Documents\\ulisboa\\deep learning\\asl_project\\venv\\Lib\\site-packages\\torch\\nn\\functional.py:5508:0\n\t\t-   %q.1 : Tensor = aten::select(%proj.1, %113, %113), scope: __module.transformer_layers.0.encoder/__module.transformer_layers.0.encoder.self_attn # c:\\Users\\jaabi\\Documents\\ulisboa\\deep learning\\asl_project\\venv\\Lib\\site-packages\\torch\\nn\\functional.py:5510:0\n\t\t-   %k.1 : Tensor = aten::select(%proj.1, %113, %112), scope: __module.transformer_layers.0.encoder/__module.transformer_layers.0.encoder.self_attn # c:\\Users\\jaabi\\Documents\\ulisboa\\deep learning\\asl_project\\venv\\Lib\\site-packages\\torch\\nn\\functional.py:5510:0\n\t\t-   %v.1 : Tensor = aten::select(%proj.1, %113, %114), scope: __module.transformer_layers.0.encoder/__module.transformer_layers.0.encoder.self_attn # c:\\Users\\jaabi\\Documents\\ulisboa\\deep learning\\asl_project\\venv\\Lib\\site-packages\\torch\\nn\\functional.py:5510:0\n\t\t-   %163 : Tensor = aten::mul(%bsz.1, %115), scope: __module.transformer_layers.0.encoder/__module.transformer_layers.0.encoder.self_attn # c:\\Users\\jaabi\\Documents\\ulisboa\\deep learning\\asl_project\\venv\\Lib\\site-packages\\torch\\nn\\functional.py:6163:0\n\t\t-   %164 : int = aten::Int(%163), scope: __module.transformer_layers.0.encoder/__module.transformer_layers.0.encoder.self_attn\n\t\t-   %165 : int[] = prim::ListConstruct(%139, %164, %151), scope: __module.transformer_layers.0.encoder/__module.transformer_layers.0.encoder.self_attn\n\t\t-   %166 : Tensor = aten::view(%q.1, %165), scope: __module.transformer_layers.0.encoder/__module.transformer_layers.0.encoder.self_attn # c:\\Users\\jaabi\\Documents\\ulisboa\\deep learning\\asl_project\\venv\\Lib\\site-packages\\torch\\nn\\functional.py:6163:0\n\t\t-   %q.3 : Tensor = aten::transpose(%166, %113, %112), scope: __module.transformer_layers.0.encoder/__module.transformer_layers.0.encoder.self_attn # c:\\Users\\jaabi\\Documents\\ulisboa\\deep learning\\asl_project\\venv\\Lib\\site-packages\\torch\\nn\\functional.py:6163:0\n\t\t-   %168 : int = aten::size(%k.1, %113), scope: __module.transformer_layers.0.encoder/__module.transformer_layers.0.encoder.self_attn # c:\\Users\\jaabi\\Documents\\ulisboa\\deep learning\\asl_project\\venv\\Lib\\site-packages\\torch\\nn\\functional.py:6165:0\n\t\t-   %169 : Tensor = aten::mul(%bsz.1, %115), scope: __module.transformer_layers.0.encoder/__module.transformer_layers.0.encoder.self_attn # c:\\Users\\jaabi\\Documents\\ulisboa\\deep learning\\asl_project\\venv\\Lib\\site-packages\\torch\\nn\\functional.py:6165:0\n\t\t-   %170 : int = aten::Int(%169), scope: __module.transformer_layers.0.encoder/__module.transformer_layers.0.encoder.self_attn\n\t\t-   %171 : int[] = prim::ListConstruct(%168, %170, %150), scope: __module.transformer_layers.0.encoder/__module.transformer_layers.0.encoder.self_attn\n\t\t-   %172 : Tensor = aten::view(%k.1, %171), scope: __module.transformer_layers.0.encoder/__module.transformer_layers.0.encoder.self_attn # c:\\Users\\jaabi\\Documents\\ulisboa\\deep learning\\asl_project\\venv\\Lib\\site-packages\\torch\\nn\\functional.py:6165:0\n\t\t-   %k.3 : Tensor = aten::transpose(%172, %113, %112), scope: __module.transformer_layers.0.encoder/__module.transformer_layers.0.encoder.self_attn # c:\\Users\\jaabi\\Documents\\ulisboa\\deep learning\\asl_project\\venv\\Lib\\site-packages\\torch\\nn\\functional.py:6165:0\n\t\t-   %174 : int = aten::size(%v.1, %113), scope: __module.transformer_layers.0.encoder/__module.transformer_layers.0.encoder.self_attn # c:\\Users\\jaabi\\Documents\\ulisboa\\deep learning\\asl_project\\venv\\Lib\\site-packages\\torch\\nn\\functional.py:6176:0\n\t\t-   %175 : Tensor = aten::mul(%bsz.1, %115), scope: __module.transformer_layers.0.encoder/__module.transformer_layers.0.encoder.self_attn # c:\\Users\\jaabi\\Documents\\ulisboa\\deep learning\\asl_project\\venv\\Lib\\site-packages\\torch\\nn\\functional.py:6176:0\n\t\t-   %176 : int = aten::Int(%175), scope: __module.transformer_layers.0.encoder/__module.transformer_layers.0.encoder.self_attn\n\t\t-   %177 : int[] = prim::ListConstruct(%174, %176, %149), scope: __module.transformer_layers.0.encoder/__module.transformer_layers.0.encoder.self_attn\n\t\t-   %178 : Tensor = aten::view(%v.1, %177), scope: __module.transformer_layers.0.encoder/__module.transformer_layers.0.encoder.self_attn # c:\\Users\\jaabi\\Documents\\ulisboa\\deep learning\\asl_project\\venv\\Lib\\site-packages\\torch\\nn\\functional.py:6176:0\n\t\t-   %v.3 : Tensor = aten::transpose(%178, %113, %112), scope: __module.transformer_layers.0.encoder/__module.transformer_layers.0.encoder.self_attn # c:\\Users\\jaabi\\Documents\\ulisboa\\deep learning\\asl_project\\venv\\Lib\\site-packages\\torch\\nn\\functional.py:6176:0\n\t\t-   %180 : int = aten::size(%k.3, %112), scope: __module.transformer_layers.0.encoder/__module.transformer_layers.0.encoder.self_attn # c:\\Users\\jaabi\\Documents\\ulisboa\\deep learning\\asl_project\\venv\\Lib\\site-packages\\torch\\nn\\functional.py:6202:0\n\t\t-   %181 : int[] = prim::ListConstruct(%141, %120, %139, %148), scope: __module.transformer_layers.0.encoder/__module.transformer_layers.0.encoder.self_attn\n\t\t-   %q.5 : Tensor = aten::view(%q.3, %181), scope: __module.transformer_layers.0.encoder/__module.transformer_layers.0.encoder.self_attn # c:\\Users\\jaabi\\Documents\\ulisboa\\deep learning\\asl_project\\venv\\Lib\\site-packages\\torch\\nn\\functional.py:6274:0\n\t\t-   %183 : int[] = prim::ListConstruct(%141, %120, %180, %147), scope: __module.transformer_layers.0.encoder/__module.transformer_layers.0.encoder.self_attn\n\t\t-   %k.5 : Tensor = aten::view(%k.3, %183), scope: __module.transformer_layers.0.encoder/__module.transformer_layers.0.encoder.self_attn # c:\\Users\\jaabi\\Documents\\ulisboa\\deep learning\\asl_project\\venv\\Lib\\site-packages\\torch\\nn\\functional.py:6275:0\n\t\t-   %185 : int[] = prim::ListConstruct(%141, %120, %180, %146), scope: __module.transformer_layers.0.encoder/__module.transformer_layers.0.encoder.self_attn\n\t\t-   %v.5 : Tensor = aten::view(%v.3, %185), scope: __module.transformer_layers.0.encoder/__module.transformer_layers.0.encoder.self_attn # c:\\Users\\jaabi\\Documents\\ulisboa\\deep learning\\asl_project\\venv\\Lib\\site-packages\\torch\\nn\\functional.py:6276:0\n\t\t-   %attn_output.1 : Tensor = aten::scaled_dot_product_attention(%q.5, %k.5, %v.5, %121, %122, %123, %121, %123), scope: __module.transformer_layers.0.encoder/__module.transformer_layers.0.encoder.self_attn # c:\\Users\\jaabi\\Documents\\ulisboa\\deep learning\\asl_project\\venv\\Lib\\site-packages\\torch\\nn\\functional.py:6278:0\n\t\t-   %188 : int[] = prim::ListConstruct(%114, %113, %112, %118), scope: __module.transformer_layers.0.encoder/__module.transformer_layers.0.encoder.self_attn\n\t\t-   %189 : Tensor = aten::permute(%attn_output.1, %188), scope: __module.transformer_layers.0.encoder/__module.transformer_layers.0.encoder.self_attn # c:\\Users\\jaabi\\Documents\\ulisboa\\deep learning\\asl_project\\venv\\Lib\\site-packages\\torch\\nn\\functional.py:6282:0\n\t\t-   %190 : Tensor = aten::contiguous(%189, %113), scope: __module.transformer_layers.0.encoder/__module.transformer_layers.0.encoder.self_attn # c:\\Users\\jaabi\\Documents\\ulisboa\\deep learning\\asl_project\\venv\\Lib\\site-packages\\torch\\nn\\functional.py:6282:0\n\t\t-   %191 : Tensor = aten::mul(%bsz.1, %tgt_len.1), scope: __module.transformer_layers.0.encoder/__module.transformer_layers.0.encoder.self_attn # c:\\Users\\jaabi\\Documents\\ulisboa\\deep learning\\asl_project\\venv\\Lib\\site-packages\\torch\\nn\\functional.py:6282:0\n\t\t-   %192 : int = aten::Int(%191), scope: __module.transformer_layers.0.encoder/__module.transformer_layers.0.encoder.self_attn\n\t\t-   %193 : int[] = prim::ListConstruct(%192, %143), scope: __module.transformer_layers.0.encoder/__module.transformer_layers.0.encoder.self_attn\n\t\t-   %attn_output.3 : Tensor = aten::view(%190, %193), scope: __module.transformer_layers.0.encoder/__module.transformer_layers.0.encoder.self_attn # c:\\Users\\jaabi\\Documents\\ulisboa\\deep learning\\asl_project\\venv\\Lib\\site-packages\\torch\\nn\\functional.py:6282:0\n\t\t-   %attn_output.5 : Tensor = aten::linear(%attn_output.3, %weight.35, %bias.35), scope: __module.transformer_layers.0.encoder/__module.transformer_layers.0.encoder.self_attn # c:\\Users\\jaabi\\Documents\\ulisboa\\deep learning\\asl_project\\venv\\Lib\\site-packages\\torch\\nn\\functional.py:6285:0\n\t\t-   %196 : int = aten::size(%attn_output.5, %112), scope: __module.transformer_layers.0.encoder/__module.transformer_layers.0.encoder.self_attn # c:\\Users\\jaabi\\Documents\\ulisboa\\deep learning\\asl_project\\venv\\Lib\\site-packages\\torch\\nn\\functional.py:6286:0\n\t\t-   %197 : int[] = prim::ListConstruct(%139, %141, %196), scope: __module.transformer_layers.0.encoder/__module.transformer_layers.0.encoder.self_attn\n\t\t-   %attn_output.7 : Tensor = aten::view(%attn_output.5, %197), scope: __module.transformer_layers.0.encoder/__module.transformer_layers.0.encoder.self_attn # c:\\Users\\jaabi\\Documents\\ulisboa\\deep learning\\asl_project\\venv\\Lib\\site-packages\\torch\\nn\\functional.py:6286:0\n\t\t-   %input.11 : Tensor = aten::transpose(%attn_output.7, %112, %113), scope: __module.transformer_layers.0.encoder/__module.transformer_layers.0.encoder.self_attn # c:\\Users\\jaabi\\Documents\\ulisboa\\deep learning\\asl_project\\venv\\Lib\\site-packages\\torch\\nn\\modules\\activation.py:1390:0\n\t\t-   %200 : Tensor = aten::dropout(%input.11, %111, %123), scope: __module.transformer_layers.0.encoder/__module.transformer_layers.0.encoder.dropout1 # c:\\Users\\jaabi\\Documents\\ulisboa\\deep learning\\asl_project\\venv\\Lib\\site-packages\\torch\\nn\\functional.py:1425:0\n\t\t-   %input.13 : Tensor = aten::add(%query.1, %200, %112), scope: __module.transformer_layers.0.encoder # c:\\Users\\jaabi\\Documents\\ulisboa\\deep learning\\asl_project\\venv\\Lib\\site-packages\\torch\\nn\\modules\\transformer.py:903:0\n\t\t-   %bias.37 : Tensor = prim::GetAttr[name=\"bias\"](%norm1.1)\n\t\t-   %weight.37 : Tensor = prim::GetAttr[name=\"weight\"](%norm1.1)\n\t\t-   %204 : int[] = prim::ListConstruct(%108), scope: __module.transformer_layers.0.encoder/__module.transformer_layers.0.encoder.norm1\n\t\t-   %input.15 : Tensor = aten::layer_norm(%input.13, %204, %weight.37, %bias.37, %109, %110), scope: __module.transformer_layers.0.encoder/__module.transformer_layers.0.encoder.norm1 # c:\\Users\\jaabi\\Documents\\ulisboa\\deep learning\\asl_project\\venv\\Lib\\site-packages\\torch\\nn\\functional.py:2900:0\n\t\t-   %bias.39 : Tensor = prim::GetAttr[name=\"bias\"](%linear1.1)\n\t\t-   %weight.39 : Tensor = prim::GetAttr[name=\"weight\"](%linear1.1)\n\t\t-   %input.17 : Tensor = aten::linear(%input.15, %weight.39, %bias.39), scope: __module.transformer_layers.0.encoder/__module.transformer_layers.0.encoder.linear1 # c:\\Users\\jaabi\\Documents\\ulisboa\\deep learning\\asl_project\\venv\\Lib\\site-packages\\torch\\nn\\modules\\linear.py:125:0\n\t\t-   %input.19 : Tensor = aten::relu(%input.17), scope: __module.transformer_layers.0.encoder # c:\\Users\\jaabi\\Documents\\ulisboa\\deep learning\\asl_project\\venv\\Lib\\site-packages\\torch\\nn\\functional.py:1704:0\n\t\t-   %input.21 : Tensor = aten::dropout(%input.19, %111, %123), scope: __module.transformer_layers.0.encoder/__module.transformer_layers.0.encoder.dropout # c:\\Users\\jaabi\\Documents\\ulisboa\\deep learning\\asl_project\\venv\\Lib\\site-packages\\torch\\nn\\functional.py:1425:0\n\t\t-   %bias.41 : Tensor = prim::GetAttr[name=\"bias\"](%linear2.1)\n\t\t-   %weight.41 : Tensor = prim::GetAttr[name=\"weight\"](%linear2.1)\n\t\t-   %input.23 : Tensor = aten::linear(%input.21, %weight.41, %bias.41), scope: __module.transformer_layers.0.encoder/__module.transformer_layers.0.encoder.linear2 # c:\\Users\\jaabi\\Documents\\ulisboa\\deep learning\\asl_project\\venv\\Lib\\site-packages\\torch\\nn\\modules\\linear.py:125:0\n\t\t-   %214 : Tensor = aten::dropout(%input.23, %111, %123), scope: __module.transformer_layers.0.encoder/__module.transformer_layers.0.encoder.dropout2 # c:\\Users\\jaabi\\Documents\\ulisboa\\deep learning\\asl_project\\venv\\Lib\\site-packages\\torch\\nn\\functional.py:1425:0\n\t\t-   %input.25 : Tensor = aten::add(%input.15, %214, %112), scope: __module.transformer_layers.0.encoder # c:\\Users\\jaabi\\Documents\\ulisboa\\deep learning\\asl_project\\venv\\Lib\\site-packages\\torch\\nn\\modules\\transformer.py:906:0\n\t\t-   %bias.43 : Tensor = prim::GetAttr[name=\"bias\"](%norm2.1)\n\t\t-   %weight.43 : Tensor = prim::GetAttr[name=\"weight\"](%norm2.1)\n\t\t-   %218 : int[] = prim::ListConstruct(%108), scope: __module.transformer_layers.0.encoder/__module.transformer_layers.0.encoder.norm2\n\t\t-   %input.27 : Tensor = aten::layer_norm(%input.25, %218, %weight.43, %bias.43, %109, %110), scope: __module.transformer_layers.0.encoder/__module.transformer_layers.0.encoder.norm2 # c:\\Users\\jaabi\\Documents\\ulisboa\\deep learning\\asl_project\\venv\\Lib\\site-packages\\torch\\nn\\functional.py:2900:0\n\t\t-   %220 : bool = prim::Constant[value=1](), scope: __module.transformer_layers.0.norm # c:\\Users\\jaabi\\Documents\\ulisboa\\deep learning\\asl_project\\venv\\Lib\\site-packages\\torch\\nn\\functional.py:2900:0\n\t\t?    ^^\n\t\t+   %140 : bool = prim::Constant[value=1](), scope: __module.transformer_layers.0.norm # c:\\Users\\jaabi\\Documents\\ulisboa\\deep learning\\asl_project\\venv\\Lib\\site-packages\\torch\\nn\\functional.py:2900:0\n\t\t?    ^^\n\t\t-   %221 : float = prim::Constant[value=1.0000000000000001e-05](), scope: __module.transformer_layers.0.norm # c:\\Users\\jaabi\\Documents\\ulisboa\\deep learning\\asl_project\\venv\\Lib\\site-packages\\torch\\nn\\functional.py:2900:0\n\t\t?    ^^^^^\n\t\t+   %141 : float = prim::Constant[value=1.0000000000000001e-05](), scope: __module.transformer_layers.0.norm # c:\\Users\\jaabi\\Documents\\ulisboa\\deep learning\\asl_project\\venv\\Lib\\site-packages\\torch\\nn\\functional.py:2900:0\n\t\t?    ^^^^^\n\t\t-   %222 : int = prim::Constant[value=512](), scope: __module.transformer_layers.0.norm # c:\\Users\\jaabi\\Documents\\ulisboa\\deep learning\\asl_project\\venv\\Lib\\site-packages\\torch\\nn\\functional.py:2900:0\n\t\t?     ^^^^^^^^\n\t\t+   %142 : int = prim::Constant[value=512](), scope: __module.transformer_layers.0.norm # c:\\Users\\jaabi\\Documents\\ulisboa\\deep learning\\asl_project\\venv\\Lib\\site-packages\\torch\\nn\\functional.py:2900:0\n\t\t?    ++ ^^^^^^\n\t\t-   %bias.45 : Tensor = prim::GetAttr[name=\"bias\"](%norm.1)\n\t\t?         ^^\n\t\t+   %bias.29 : Tensor = prim::GetAttr[name=\"bias\"](%norm.1)\n\t\t?         ^^\n\t\t-   %weight.45 : Tensor = prim::GetAttr[name=\"weight\"](%norm.1)\n\t\t?           ^^\n\t\t+   %weight.29 : Tensor = prim::GetAttr[name=\"weight\"](%norm.1)\n\t\t?           ^^\n\t\t-   %225 : int[] = prim::ListConstruct(%222), scope: __module.transformer_layers.0.norm\n\t\t?    ^^                                 ^^\n\t\t+   %145 : int[] = prim::ListConstruct(%142), scope: __module.transformer_layers.0.norm\n\t\t?    ^^                                 ^^\n\t\t+   %src.3 : Tensor = aten::layer_norm(%input.11, %145, %weight.29, %bias.29, %141, %140), scope: __module.transformer_layers.0.norm # c:\\Users\\jaabi\\Documents\\ulisboa\\deep learning\\asl_project\\venv\\Lib\\site-packages\\torch\\nn\\functional.py:2900:0\n\t\t-   %query.5 : Tensor = aten::layer_norm(%input.27, %225, %weight.45, %bias.45, %221, %220), scope: __module.transformer_layers.0.norm # c:\\Users\\jaabi\\Documents\\ulisboa\\deep learning\\asl_project\\venv\\Lib\\site-packages\\torch\\nn\\functional.py:2900:0\n\t\t-   %227 : int = prim::Constant[value=512](), scope: __module.transformer_layers.1.encoder/__module.transformer_layers.1.encoder.norm1 # c:\\Users\\jaabi\\Documents\\ulisboa\\deep learning\\asl_project\\venv\\Lib\\site-packages\\torch\\nn\\functional.py:2900:0\n\t\t-   %228 : float = prim::Constant[value=1.0000000000000001e-05](), scope: __module.transformer_layers.1.encoder/__module.transformer_layers.1.encoder.norm1 # c:\\Users\\jaabi\\Documents\\ulisboa\\deep learning\\asl_project\\venv\\Lib\\site-packages\\torch\\nn\\functional.py:2900:0\n\t\t-   %229 : bool = prim::Constant[value=1](), scope: __module.transformer_layers.1.encoder/__module.transformer_layers.1.encoder.norm1 # c:\\Users\\jaabi\\Documents\\ulisboa\\deep learning\\asl_project\\venv\\Lib\\site-packages\\torch\\nn\\functional.py:2900:0\n\t\t-   %230 : float = prim::Constant[value=0.41999999999999998](), scope: __module.transformer_layers.1.encoder/__module.transformer_layers.1.encoder.dropout1 # c:\\Users\\jaabi\\Documents\\ulisboa\\deep learning\\asl_project\\venv\\Lib\\site-packages\\torch\\nn\\functional.py:1425:0\n\t\t-   %231 : int = prim::Constant[value=1](), scope: __module.transformer_layers.1.encoder/__module.transformer_layers.1.encoder.self_attn # c:\\Users\\jaabi\\Documents\\ulisboa\\deep learning\\asl_project\\venv\\Lib\\site-packages\\torch\\nn\\modules\\activation.py:1334:0\n\t\t-   %232 : int = prim::Constant[value=0](), scope: __module.transformer_layers.1.encoder/__module.transformer_layers.1.encoder.self_attn # c:\\Users\\jaabi\\Documents\\ulisboa\\deep learning\\asl_project\\venv\\Lib\\site-packages\\torch\\nn\\modules\\activation.py:1334:0\n\t\t-   %233 : int = prim::Constant[value=2](), scope: __module.transformer_layers.1.encoder/__module.transformer_layers.1.encoder.self_attn # c:\\Users\\jaabi\\Documents\\ulisboa\\deep learning\\asl_project\\venv\\Lib\\site-packages\\torch\\nn\\functional.py:6030:0\n\t\t-   %234 : Tensor = prim::Constant[value={8}](), scope: __module.transformer_layers.1.encoder/__module.transformer_layers.1.encoder.self_attn # c:\\Users\\jaabi\\Documents\\ulisboa\\deep learning\\asl_project\\venv\\Lib\\site-packages\\torch\\nn\\functional.py:6074:0\n\t\t-   %235 : str = prim::Constant[value=\"trunc\"](), scope: __module.transformer_layers.1.encoder/__module.transformer_layers.1.encoder.self_attn # c:\\Users\\jaabi\\Documents\\ulisboa\\deep learning\\asl_project\\venv\\Lib\\site-packages\\torch\\nn\\functional.py:6074:0\n\t\t-   %236 : int = prim::Constant[value=-1](), scope: __module.transformer_layers.1.encoder/__module.transformer_layers.1.encoder.self_attn # c:\\Users\\jaabi\\Documents\\ulisboa\\deep learning\\asl_project\\venv\\Lib\\site-packages\\torch\\nn\\functional.py:5497:0\n\t\t-   %237 : int = prim::Constant[value=3](), scope: __module.transformer_layers.1.encoder/__module.transformer_layers.1.encoder.self_attn # c:\\Users\\jaabi\\Documents\\ulisboa\\deep learning\\asl_project\\venv\\Lib\\site-packages\\torch\\_tensor.py:1376:0\n\t\t-   %238 : int = prim::Constant[value=-2](), scope: __module.transformer_layers.1.encoder/__module.transformer_layers.1.encoder.self_attn # c:\\Users\\jaabi\\Documents\\ulisboa\\deep learning\\asl_project\\venv\\Lib\\site-packages\\torch\\nn\\functional.py:5506:0\n\t\t-   %239 : int = prim::Constant[value=8](), scope: __module.transformer_layers.1.encoder/__module.transformer_layers.1.encoder.self_attn # c:\\Users\\jaabi\\Documents\\ulisboa\\deep learning\\asl_project\\venv\\Lib\\site-packages\\torch\\nn\\functional.py:6274:0\n\t\t-   %240 : NoneType = prim::Constant(), scope: __module.transformer_layers.1.encoder/__module.transformer_layers.1.encoder.self_attn\n\t\t?    ^ ^                                                                            ------------------------------------------------\n\t\t+   %147 : NoneType = prim::Constant(), scope: __module.transformer_layers.1.encoder\n\t\t?    ^ ^\n\t\t-   %241 : float = prim::Constant[value=0.](), scope: __module.transformer_layers.1.encoder/__module.transformer_layers.1.encoder.self_attn # c:\\Users\\jaabi\\Documents\\ulisboa\\deep learning\\asl_project\\venv\\Lib\\site-packages\\torch\\nn\\functional.py:6278:0\n\t\t-   %242 : bool = prim::Constant[value=0](), scope: __module.transformer_layers.1.encoder/__module.transformer_layers.1.encoder.self_attn # c:\\Users\\jaabi\\Documents\\ulisboa\\deep learning\\asl_project\\venv\\Lib\\site-packages\\torch\\nn\\functional.py:6278:0\n\t\t+   %148 : float = prim::Constant[value=1.0000000000000001e-05](), scope: __module.transformer_layers.1.encoder # c:\\Users\\jaabi\\Documents\\ulisboa\\deep learning\\asl_project\\venv\\Lib\\site-packages\\torch\\nn\\modules\\transformer.py:871:0\n\t\t+   %149 : bool = prim::Constant[value=0](), scope: __module.transformer_layers.1.encoder # c:\\Users\\jaabi\\Documents\\ulisboa\\deep learning\\asl_project\\venv\\Lib\\site-packages\\torch\\nn\\modules\\transformer.py:871:0\n\t\t+   %150 : int = prim::Constant[value=8](), scope: __module.transformer_layers.1.encoder # c:\\Users\\jaabi\\Documents\\ulisboa\\deep learning\\asl_project\\venv\\Lib\\site-packages\\torch\\nn\\modules\\transformer.py:871:0\n\t\t+   %151 : int = prim::Constant[value=512](), scope: __module.transformer_layers.1.encoder # c:\\Users\\jaabi\\Documents\\ulisboa\\deep learning\\asl_project\\venv\\Lib\\site-packages\\torch\\nn\\modules\\transformer.py:871:0\n\t\t+   %linear2.7 : __torch__.torch.nn.modules.linear.Linear = prim::GetAttr[name=\"linear2\"](%encoder.3)\n\t\t+   %bias.39 : Tensor = prim::GetAttr[name=\"bias\"](%linear2.7)\n\t\t+   %linear2.5 : __torch__.torch.nn.modules.linear.Linear = prim::GetAttr[name=\"linear2\"](%encoder.3)\n\t\t+   %weight.39 : Tensor = prim::GetAttr[name=\"weight\"](%linear2.5)\n\t\t+   %linear1.7 : __torch__.torch.nn.modules.linear.Linear = prim::GetAttr[name=\"linear1\"](%encoder.3)\n\t\t+   %bias.37 : Tensor = prim::GetAttr[name=\"bias\"](%linear1.7)\n\t\t+   %linear1.5 : __torch__.torch.nn.modules.linear.Linear = prim::GetAttr[name=\"linear1\"](%encoder.3)\n\t\t+   %weight.37 : Tensor = prim::GetAttr[name=\"weight\"](%linear1.5)\n\t\t-   %norm2.3 : __torch__.torch.nn.modules.normalization.LayerNorm = prim::GetAttr[name=\"norm2\"](%encoder.3)\n\t\t?          ^\n\t\t+   %norm2.7 : __torch__.torch.nn.modules.normalization.LayerNorm = prim::GetAttr[name=\"norm2\"](%encoder.3)\n\t\t?          ^\n\t\t-   %dropout2.3 : __torch__.torch.nn.modules.dropout.Dropout = prim::GetAttr[name=\"dropout2\"](%encoder.3)\n\t\t+   %bias.35 : Tensor = prim::GetAttr[name=\"bias\"](%norm2.7)\n\t\t-   %linear2.3 : __torch__.torch.nn.modules.linear.Linear = prim::GetAttr[name=\"linear2\"](%encoder.3)\n\t\t?    -- ^^   ^                                 ---  ^^ -                        -- ^^\n\t\t+   %norm2.5 : __torch__.torch.nn.modules.normalization.LayerNorm = prim::GetAttr[name=\"norm2\"](%encoder.3)\n\t\t?     ^ +  ^                              +++++  +++++   ^^  ++++                        ^ +\n\t\t+   %weight.35 : Tensor = prim::GetAttr[name=\"weight\"](%norm2.5)\n\t\t-   %dropout.3 : __torch__.torch.nn.modules.dropout.Dropout = prim::GetAttr[name=\"dropout\"](%encoder.3)\n\t\t-   %linear1.3 : __torch__.torch.nn.modules.linear.Linear = prim::GetAttr[name=\"linear1\"](%encoder.3)\n\t\t-   %norm1.3 : __torch__.torch.nn.modules.normalization.LayerNorm = prim::GetAttr[name=\"norm1\"](%encoder.3)\n\t\t?          ^\n\t\t+   %norm1.7 : __torch__.torch.nn.modules.normalization.LayerNorm = prim::GetAttr[name=\"norm1\"](%encoder.3)\n\t\t?          ^\n\t\t+   %bias.33 : Tensor = prim::GetAttr[name=\"bias\"](%norm1.7)\n\t\t-   %dropout1.3 : __torch__.torch.nn.modules.dropout.Dropout = prim::GetAttr[name=\"dropout1\"](%encoder.3)\n\t\t?    ^ ^^^^^  ^                              ^  ^ ---- ^^^^^                       ^ ^^^^^\n\t\t+   %norm1.5 : __torch__.torch.nn.modules.normalization.LayerNorm = prim::GetAttr[name=\"norm1\"](%encoder.3)\n\t\t?    ^^ ^  ^                              ^^ ++++++++ ^^^^^^^^  ^                       ^^ ^\n\t\t+   %weight.33 : Tensor = prim::GetAttr[name=\"weight\"](%norm1.5)\n\t\t+   %self_attn.15 : __torch__.torch.nn.modules.activation.MultiheadAttention = prim::GetAttr[name=\"self_attn\"](%encoder.3)\n\t\t+   %out_proj.7 : __torch__.torch.nn.modules.linear.NonDynamicallyQuantizableLinear = prim::GetAttr[name=\"out_proj\"](%self_attn.15)\n\t\t+   %bias.31 : Tensor = prim::GetAttr[name=\"bias\"](%out_proj.7)\n\t\t-   %self_attn.3 : __torch__.torch.nn.modules.activation.MultiheadAttention = prim::GetAttr[name=\"self_attn\"](%encoder.3)\n\t\t+   %self_attn.13 : __torch__.torch.nn.modules.activation.MultiheadAttention = prim::GetAttr[name=\"self_attn\"](%encoder.3)\n\t\t?              +\n\t\t-   %out_proj.7 : __torch__.torch.nn.modules.linear.NonDynamicallyQuantizableLinear = prim::GetAttr[name=\"out_proj\"](%self_attn.3)\n\t\t-   %bias.47 : Tensor = prim::GetAttr[name=\"bias\"](%out_proj.7)\n\t\t-   %out_proj.5 : __torch__.torch.nn.modules.linear.NonDynamicallyQuantizableLinear = prim::GetAttr[name=\"out_proj\"](%self_attn.3)\n\t\t+   %out_proj.5 : __torch__.torch.nn.modules.linear.NonDynamicallyQuantizableLinear = prim::GetAttr[name=\"out_proj\"](%self_attn.13)\n\t\t?                                                                                                                               +\n\t\t-   %weight.47 : Tensor = prim::GetAttr[name=\"weight\"](%out_proj.5)\n\t\t?           ^^\n\t\t+   %weight.31 : Tensor = prim::GetAttr[name=\"weight\"](%out_proj.5)\n\t\t?           ^^\n\t\t+   %self_attn.11 : __torch__.torch.nn.modules.activation.MultiheadAttention = prim::GetAttr[name=\"self_attn\"](%encoder.3)\n\t\t-   %in_proj_bias.3 : Tensor = prim::GetAttr[name=\"in_proj_bias\"](%self_attn.3)\n\t\t?                                                                            ^\n\t\t+   %in_proj_bias.3 : Tensor = prim::GetAttr[name=\"in_proj_bias\"](%self_attn.11)\n\t\t?                                                                            ^^\n\t\t+   %self_attn.9 : __torch__.torch.nn.modules.activation.MultiheadAttention = prim::GetAttr[name=\"self_attn\"](%encoder.3)\n\t\t-   %in_proj_weight.3 : Tensor = prim::GetAttr[name=\"in_proj_weight\"](%self_attn.3)\n\t\t?                                                                                ^\n\t\t+   %in_proj_weight.3 : Tensor = prim::GetAttr[name=\"in_proj_weight\"](%self_attn.9)\n\t\t?                                                                                ^\n\t\t+   %input.13 : Tensor = aten::_transformer_encoder_layer_fwd(%src.3, %151, %150, %in_proj_weight.3, %in_proj_bias.3, %weight.31, %bias.31, %149, %149, %148, %weight.33, %bias.33, %weight.35, %bias.35, %weight.37, %bias.37, %weight.39, %bias.39, %147, %147), scope: __module.transformer_layers.1.encoder # c:\\Users\\jaabi\\Documents\\ulisboa\\deep learning\\asl_project\\venv\\Lib\\site-packages\\torch\\nn\\modules\\transformer.py:871:0\n\t\t-   %query.7 : Tensor = aten::transpose(%query.5, %231, %232), scope: __module.transformer_layers.1.encoder/__module.transformer_layers.1.encoder.self_attn # c:\\Users\\jaabi\\Documents\\ulisboa\\deep learning\\asl_project\\venv\\Lib\\site-packages\\torch\\nn\\modules\\activation.py:1334:0\n\t\t-   %258 : int = aten::size(%query.7, %232), scope: __module.transformer_layers.1.encoder/__module.transformer_layers.1.encoder.self_attn # c:\\Users\\jaabi\\Documents\\ulisboa\\deep learning\\asl_project\\venv\\Lib\\site-packages\\torch\\nn\\functional.py:6030:0\n\t\t-   %tgt_len.3 : Tensor = prim::NumToTensor(%258), scope: __module.transformer_layers.1.encoder/__module.transformer_layers.1.encoder.self_attn\n\t\t-   %260 : int = aten::size(%query.7, %231), scope: __module.transformer_layers.1.encoder/__module.transformer_layers.1.encoder.self_attn # c:\\Users\\jaabi\\Documents\\ulisboa\\deep learning\\asl_project\\venv\\Lib\\site-packages\\torch\\nn\\functional.py:6030:0\n\t\t-   %bsz.3 : Tensor = prim::NumToTensor(%260), scope: __module.transformer_layers.1.encoder/__module.transformer_layers.1.encoder.self_attn\n\t\t-   %262 : int = aten::size(%query.7, %233), scope: __module.transformer_layers.1.encoder/__module.transformer_layers.1.encoder.self_attn # c:\\Users\\jaabi\\Documents\\ulisboa\\deep learning\\asl_project\\venv\\Lib\\site-packages\\torch\\nn\\functional.py:6030:0\n\t\t-   %embed_dim.3 : Tensor = prim::NumToTensor(%262), scope: __module.transformer_layers.1.encoder/__module.transformer_layers.1.encoder.self_attn\n\t\t-   %head_dim.3 : Tensor = aten::div(%embed_dim.3, %234, %235), scope: __module.transformer_layers.1.encoder/__module.transformer_layers.1.encoder.self_attn # c:\\Users\\jaabi\\Documents\\ulisboa\\deep learning\\asl_project\\venv\\Lib\\site-packages\\torch\\nn\\functional.py:6074:0\n\t\t-   %265 : int = aten::Int(%head_dim.3), scope: __module.transformer_layers.1.encoder/__module.transformer_layers.1.encoder.self_attn\n\t\t-   %266 : int = aten::Int(%head_dim.3), scope: __module.transformer_layers.1.encoder/__module.transformer_layers.1.encoder.self_attn\n\t\t-   %267 : int = aten::Int(%head_dim.3), scope: __module.transformer_layers.1.encoder/__module.transformer_layers.1.encoder.self_attn\n\t\t-   %268 : int = aten::Int(%head_dim.3), scope: __module.transformer_layers.1.encoder/__module.transformer_layers.1.encoder.self_attn\n\t\t-   %269 : int = aten::Int(%head_dim.3), scope: __module.transformer_layers.1.encoder/__module.transformer_layers.1.encoder.self_attn\n\t\t-   %270 : int = aten::Int(%head_dim.3), scope: __module.transformer_layers.1.encoder/__module.transformer_layers.1.encoder.self_attn\n\t\t-   %271 : int = aten::size(%query.7, %236), scope: __module.transformer_layers.1.encoder/__module.transformer_layers.1.encoder.self_attn # c:\\Users\\jaabi\\Documents\\ulisboa\\deep learning\\asl_project\\venv\\Lib\\site-packages\\torch\\nn\\functional.py:5497:0\n\t\t-   %272 : Tensor = aten::linear(%query.7, %in_proj_weight.3, %in_proj_bias.3), scope: __module.transformer_layers.1.encoder/__module.transformer_layers.1.encoder.self_attn # c:\\Users\\jaabi\\Documents\\ulisboa\\deep learning\\asl_project\\venv\\Lib\\site-packages\\torch\\nn\\functional.py:5501:0\n\t\t-   %273 : int[] = prim::ListConstruct(%237, %271), scope: __module.transformer_layers.1.encoder/__module.transformer_layers.1.encoder.self_attn\n\t\t-   %274 : Tensor = aten::unflatten(%272, %236, %273), scope: __module.transformer_layers.1.encoder/__module.transformer_layers.1.encoder.self_attn # c:\\Users\\jaabi\\Documents\\ulisboa\\deep learning\\asl_project\\venv\\Lib\\site-packages\\torch\\_tensor.py:1376:0\n\t\t-   %275 : Tensor = aten::unsqueeze(%274, %232), scope: __module.transformer_layers.1.encoder/__module.transformer_layers.1.encoder.self_attn # c:\\Users\\jaabi\\Documents\\ulisboa\\deep learning\\asl_project\\venv\\Lib\\site-packages\\torch\\nn\\functional.py:5505:0\n\t\t-   %276 : Tensor = aten::transpose(%275, %232, %238), scope: __module.transformer_layers.1.encoder/__module.transformer_layers.1.encoder.self_attn # c:\\Users\\jaabi\\Documents\\ulisboa\\deep learning\\asl_project\\venv\\Lib\\site-packages\\torch\\nn\\functional.py:5506:0\n\t\t-   %277 : Tensor = aten::squeeze(%276, %238), scope: __module.transformer_layers.1.encoder/__module.transformer_layers.1.encoder.self_attn # c:\\Users\\jaabi\\Documents\\ulisboa\\deep learning\\asl_project\\venv\\Lib\\site-packages\\torch\\nn\\functional.py:5507:0\n\t\t-   %proj.3 : Tensor = aten::contiguous(%277, %232), scope: __module.transformer_layers.1.encoder/__module.transformer_layers.1.encoder.self_attn # c:\\Users\\jaabi\\Documents\\ulisboa\\deep learning\\asl_project\\venv\\Lib\\site-packages\\torch\\nn\\functional.py:5508:0\n\t\t-   %q.7 : Tensor = aten::select(%proj.3, %232, %232), scope: __module.transformer_layers.1.encoder/__module.transformer_layers.1.encoder.self_attn # c:\\Users\\jaabi\\Documents\\ulisboa\\deep learning\\asl_project\\venv\\Lib\\site-packages\\torch\\nn\\functional.py:5510:0\n\t\t-   %k.7 : Tensor = aten::select(%proj.3, %232, %231), scope: __module.transformer_layers.1.encoder/__module.transformer_layers.1.encoder.self_attn # c:\\Users\\jaabi\\Documents\\ulisboa\\deep learning\\asl_project\\venv\\Lib\\site-packages\\torch\\nn\\functional.py:5510:0\n\t\t-   %v.7 : Tensor = aten::select(%proj.3, %232, %233), scope: __module.transformer_layers.1.encoder/__module.transformer_layers.1.encoder.self_attn # c:\\Users\\jaabi\\Documents\\ulisboa\\deep learning\\asl_project\\venv\\Lib\\site-packages\\torch\\nn\\functional.py:5510:0\n\t\t-   %282 : Tensor = aten::mul(%bsz.3, %234), scope: __module.transformer_layers.1.encoder/__module.transformer_layers.1.encoder.self_attn # c:\\Users\\jaabi\\Documents\\ulisboa\\deep learning\\asl_project\\venv\\Lib\\site-packages\\torch\\nn\\functional.py:6163:0\n\t\t-   %283 : int = aten::Int(%282), scope: __module.transformer_layers.1.encoder/__module.transformer_layers.1.encoder.self_attn\n\t\t-   %284 : int[] = prim::ListConstruct(%258, %283, %270), scope: __module.transformer_layers.1.encoder/__module.transformer_layers.1.encoder.self_attn\n\t\t-   %285 : Tensor = aten::view(%q.7, %284), scope: __module.transformer_layers.1.encoder/__module.transformer_layers.1.encoder.self_attn # c:\\Users\\jaabi\\Documents\\ulisboa\\deep learning\\asl_project\\venv\\Lib\\site-packages\\torch\\nn\\functional.py:6163:0\n\t\t-   %q.9 : Tensor = aten::transpose(%285, %232, %231), scope: __module.transformer_layers.1.encoder/__module.transformer_layers.1.encoder.self_attn # c:\\Users\\jaabi\\Documents\\ulisboa\\deep learning\\asl_project\\venv\\Lib\\site-packages\\torch\\nn\\functional.py:6163:0\n\t\t-   %287 : int = aten::size(%k.7, %232), scope: __module.transformer_layers.1.encoder/__module.transformer_layers.1.encoder.self_attn # c:\\Users\\jaabi\\Documents\\ulisboa\\deep learning\\asl_project\\venv\\Lib\\site-packages\\torch\\nn\\functional.py:6165:0\n\t\t-   %288 : Tensor = aten::mul(%bsz.3, %234), scope: __module.transformer_layers.1.encoder/__module.transformer_layers.1.encoder.self_attn # c:\\Users\\jaabi\\Documents\\ulisboa\\deep learning\\asl_project\\venv\\Lib\\site-packages\\torch\\nn\\functional.py:6165:0\n\t\t-   %289 : int = aten::Int(%288), scope: __module.transformer_layers.1.encoder/__module.transformer_layers.1.encoder.self_attn\n\t\t-   %290 : int[] = prim::ListConstruct(%287, %289, %269), scope: __module.transformer_layers.1.encoder/__module.transformer_layers.1.encoder.self_attn\n\t\t-   %291 : Tensor = aten::view(%k.7, %290), scope: __module.transformer_layers.1.encoder/__module.transformer_layers.1.encoder.self_attn # c:\\Users\\jaabi\\Documents\\ulisboa\\deep learning\\asl_project\\venv\\Lib\\site-packages\\torch\\nn\\functional.py:6165:0\n\t\t-   %k.9 : Tensor = aten::transpose(%291, %232, %231), scope: __module.transformer_layers.1.encoder/__module.transformer_layers.1.encoder.self_attn # c:\\Users\\jaabi\\Documents\\ulisboa\\deep learning\\asl_project\\venv\\Lib\\site-packages\\torch\\nn\\functional.py:6165:0\n\t\t-   %293 : int = aten::size(%v.7, %232), scope: __module.transformer_layers.1.encoder/__module.transformer_layers.1.encoder.self_attn # c:\\Users\\jaabi\\Documents\\ulisboa\\deep learning\\asl_project\\venv\\Lib\\site-packages\\torch\\nn\\functional.py:6176:0\n\t\t-   %294 : Tensor = aten::mul(%bsz.3, %234), scope: __module.transformer_layers.1.encoder/__module.transformer_layers.1.encoder.self_attn # c:\\Users\\jaabi\\Documents\\ulisboa\\deep learning\\asl_project\\venv\\Lib\\site-packages\\torch\\nn\\functional.py:6176:0\n\t\t-   %295 : int = aten::Int(%294), scope: __module.transformer_layers.1.encoder/__module.transformer_layers.1.encoder.self_attn\n\t\t-   %296 : int[] = prim::ListConstruct(%293, %295, %268), scope: __module.transformer_layers.1.encoder/__module.transformer_layers.1.encoder.self_attn\n\t\t-   %297 : Tensor = aten::view(%v.7, %296), scope: __module.transformer_layers.1.encoder/__module.transformer_layers.1.encoder.self_attn # c:\\Users\\jaabi\\Documents\\ulisboa\\deep learning\\asl_project\\venv\\Lib\\site-packages\\torch\\nn\\functional.py:6176:0\n\t\t-   %v.9 : Tensor = aten::transpose(%297, %232, %231), scope: __module.transformer_layers.1.encoder/__module.transformer_layers.1.encoder.self_attn # c:\\Users\\jaabi\\Documents\\ulisboa\\deep learning\\asl_project\\venv\\Lib\\site-packages\\torch\\nn\\functional.py:6176:0\n\t\t-   %299 : int = aten::size(%k.9, %231), scope: __module.transformer_layers.1.encoder/__module.transformer_layers.1.encoder.self_attn # c:\\Users\\jaabi\\Documents\\ulisboa\\deep learning\\asl_project\\venv\\Lib\\site-packages\\torch\\nn\\functional.py:6202:0\n\t\t-   %300 : int[] = prim::ListConstruct(%260, %239, %258, %267), scope: __module.transformer_layers.1.encoder/__module.transformer_layers.1.encoder.self_attn\n\t\t-   %q.11 : Tensor = aten::view(%q.9, %300), scope: __module.transformer_layers.1.encoder/__module.transformer_layers.1.encoder.self_attn # c:\\Users\\jaabi\\Documents\\ulisboa\\deep learning\\asl_project\\venv\\Lib\\site-packages\\torch\\nn\\functional.py:6274:0\n\t\t-   %302 : int[] = prim::ListConstruct(%260, %239, %299, %266), scope: __module.transformer_layers.1.encoder/__module.transformer_layers.1.encoder.self_attn\n\t\t-   %k.11 : Tensor = aten::view(%k.9, %302), scope: __module.transformer_layers.1.encoder/__module.transformer_layers.1.encoder.self_attn # c:\\Users\\jaabi\\Documents\\ulisboa\\deep learning\\asl_project\\venv\\Lib\\site-packages\\torch\\nn\\functional.py:6275:0\n\t\t-   %304 : int[] = prim::ListConstruct(%260, %239, %299, %265), scope: __module.transformer_layers.1.encoder/__module.transformer_layers.1.encoder.self_attn\n\t\t-   %v.11 : Tensor = aten::view(%v.9, %304), scope: __module.transformer_layers.1.encoder/__module.transformer_layers.1.encoder.self_attn # c:\\Users\\jaabi\\Documents\\ulisboa\\deep learning\\asl_project\\venv\\Lib\\site-packages\\torch\\nn\\functional.py:6276:0\n\t\t-   %attn_output.9 : Tensor = aten::scaled_dot_product_attention(%q.11, %k.11, %v.11, %240, %241, %242, %240, %242), scope: __module.transformer_layers.1.encoder/__module.transformer_layers.1.encoder.self_attn # c:\\Users\\jaabi\\Documents\\ulisboa\\deep learning\\asl_project\\venv\\Lib\\site-packages\\torch\\nn\\functional.py:6278:0\n\t\t-   %307 : int[] = prim::ListConstruct(%233, %232, %231, %237), scope: __module.transformer_layers.1.encoder/__module.transformer_layers.1.encoder.self_attn\n\t\t-   %308 : Tensor = aten::permute(%attn_output.9, %307), scope: __module.transformer_layers.1.encoder/__module.transformer_layers.1.encoder.self_attn # c:\\Users\\jaabi\\Documents\\ulisboa\\deep learning\\asl_project\\venv\\Lib\\site-packages\\torch\\nn\\functional.py:6282:0\n\t\t-   %309 : Tensor = aten::contiguous(%308, %232), scope: __module.transformer_layers.1.encoder/__module.transformer_layers.1.encoder.self_attn # c:\\Users\\jaabi\\Documents\\ulisboa\\deep learning\\asl_project\\venv\\Lib\\site-packages\\torch\\nn\\functional.py:6282:0\n\t\t-   %310 : Tensor = aten::mul(%bsz.3, %tgt_len.3), scope: __module.transformer_layers.1.encoder/__module.transformer_layers.1.encoder.self_attn # c:\\Users\\jaabi\\Documents\\ulisboa\\deep learning\\asl_project\\venv\\Lib\\site-packages\\torch\\nn\\functional.py:6282:0\n\t\t-   %311 : int = aten::Int(%310), scope: __module.transformer_layers.1.encoder/__module.transformer_layers.1.encoder.self_attn\n\t\t-   %312 : int[] = prim::ListConstruct(%311, %262), scope: __module.transformer_layers.1.encoder/__module.transformer_layers.1.encoder.self_attn\n\t\t-   %attn_output.11 : Tensor = aten::view(%309, %312), scope: __module.transformer_layers.1.encoder/__module.transformer_layers.1.encoder.self_attn # c:\\Users\\jaabi\\Documents\\ulisboa\\deep learning\\asl_project\\venv\\Lib\\site-packages\\torch\\nn\\functional.py:6282:0\n\t\t-   %attn_output.13 : Tensor = aten::linear(%attn_output.11, %weight.47, %bias.47), scope: __module.transformer_layers.1.encoder/__module.transformer_layers.1.encoder.self_attn # c:\\Users\\jaabi\\Documents\\ulisboa\\deep learning\\asl_project\\venv\\Lib\\site-packages\\torch\\nn\\functional.py:6285:0\n\t\t-   %315 : int = aten::size(%attn_output.13, %231), scope: __module.transformer_layers.1.encoder/__module.transformer_layers.1.encoder.self_attn # c:\\Users\\jaabi\\Documents\\ulisboa\\deep learning\\asl_project\\venv\\Lib\\site-packages\\torch\\nn\\functional.py:6286:0\n\t\t-   %316 : int[] = prim::ListConstruct(%258, %260, %315), scope: __module.transformer_layers.1.encoder/__module.transformer_layers.1.encoder.self_attn\n\t\t-   %attn_output.15 : Tensor = aten::view(%attn_output.13, %316), scope: __module.transformer_layers.1.encoder/__module.transformer_layers.1.encoder.self_attn # c:\\Users\\jaabi\\Documents\\ulisboa\\deep learning\\asl_project\\venv\\Lib\\site-packages\\torch\\nn\\functional.py:6286:0\n\t\t-   %input.29 : Tensor = aten::transpose(%attn_output.15, %231, %232), scope: __module.transformer_layers.1.encoder/__module.transformer_layers.1.encoder.self_attn # c:\\Users\\jaabi\\Documents\\ulisboa\\deep learning\\asl_project\\venv\\Lib\\site-packages\\torch\\nn\\modules\\activation.py:1390:0\n\t\t-   %319 : Tensor = aten::dropout(%input.29, %230, %242), scope: __module.transformer_layers.1.encoder/__module.transformer_layers.1.encoder.dropout1 # c:\\Users\\jaabi\\Documents\\ulisboa\\deep learning\\asl_project\\venv\\Lib\\site-packages\\torch\\nn\\functional.py:1425:0\n\t\t-   %input.31 : Tensor = aten::add(%query.5, %319, %231), scope: __module.transformer_layers.1.encoder # c:\\Users\\jaabi\\Documents\\ulisboa\\deep learning\\asl_project\\venv\\Lib\\site-packages\\torch\\nn\\modules\\transformer.py:903:0\n\t\t-   %bias.49 : Tensor = prim::GetAttr[name=\"bias\"](%norm1.3)\n\t\t-   %weight.49 : Tensor = prim::GetAttr[name=\"weight\"](%norm1.3)\n\t\t-   %323 : int[] = prim::ListConstruct(%227), scope: __module.transformer_layers.1.encoder/__module.transformer_layers.1.encoder.norm1\n\t\t-   %input.33 : Tensor = aten::layer_norm(%input.31, %323, %weight.49, %bias.49, %228, %229), scope: __module.transformer_layers.1.encoder/__module.transformer_layers.1.encoder.norm1 # c:\\Users\\jaabi\\Documents\\ulisboa\\deep learning\\asl_project\\venv\\Lib\\site-packages\\torch\\nn\\functional.py:2900:0\n\t\t-   %bias.51 : Tensor = prim::GetAttr[name=\"bias\"](%linear1.3)\n\t\t-   %weight.51 : Tensor = prim::GetAttr[name=\"weight\"](%linear1.3)\n\t\t-   %input.35 : Tensor = aten::linear(%input.33, %weight.51, %bias.51), scope: __module.transformer_layers.1.encoder/__module.transformer_layers.1.encoder.linear1 # c:\\Users\\jaabi\\Documents\\ulisboa\\deep learning\\asl_project\\venv\\Lib\\site-packages\\torch\\nn\\modules\\linear.py:125:0\n\t\t-   %input.37 : Tensor = aten::relu(%input.35), scope: __module.transformer_layers.1.encoder # c:\\Users\\jaabi\\Documents\\ulisboa\\deep learning\\asl_project\\venv\\Lib\\site-packages\\torch\\nn\\functional.py:1704:0\n\t\t-   %input.39 : Tensor = aten::dropout(%input.37, %230, %242), scope: __module.transformer_layers.1.encoder/__module.transformer_layers.1.encoder.dropout # c:\\Users\\jaabi\\Documents\\ulisboa\\deep learning\\asl_project\\venv\\Lib\\site-packages\\torch\\nn\\functional.py:1425:0\n\t\t-   %bias.53 : Tensor = prim::GetAttr[name=\"bias\"](%linear2.3)\n\t\t-   %weight.53 : Tensor = prim::GetAttr[name=\"weight\"](%linear2.3)\n\t\t-   %input.41 : Tensor = aten::linear(%input.39, %weight.53, %bias.53), scope: __module.transformer_layers.1.encoder/__module.transformer_layers.1.encoder.linear2 # c:\\Users\\jaabi\\Documents\\ulisboa\\deep learning\\asl_project\\venv\\Lib\\site-packages\\torch\\nn\\modules\\linear.py:125:0\n\t\t-   %333 : Tensor = aten::dropout(%input.41, %230, %242), scope: __module.transformer_layers.1.encoder/__module.transformer_layers.1.encoder.dropout2 # c:\\Users\\jaabi\\Documents\\ulisboa\\deep learning\\asl_project\\venv\\Lib\\site-packages\\torch\\nn\\functional.py:1425:0\n\t\t-   %input.43 : Tensor = aten::add(%input.33, %333, %231), scope: __module.transformer_layers.1.encoder # c:\\Users\\jaabi\\Documents\\ulisboa\\deep learning\\asl_project\\venv\\Lib\\site-packages\\torch\\nn\\modules\\transformer.py:906:0\n\t\t-   %bias.55 : Tensor = prim::GetAttr[name=\"bias\"](%norm2.3)\n\t\t-   %weight.55 : Tensor = prim::GetAttr[name=\"weight\"](%norm2.3)\n\t\t-   %337 : int[] = prim::ListConstruct(%227), scope: __module.transformer_layers.1.encoder/__module.transformer_layers.1.encoder.norm2\n\t\t-   %input.45 : Tensor = aten::layer_norm(%input.43, %337, %weight.55, %bias.55, %228, %229), scope: __module.transformer_layers.1.encoder/__module.transformer_layers.1.encoder.norm2 # c:\\Users\\jaabi\\Documents\\ulisboa\\deep learning\\asl_project\\venv\\Lib\\site-packages\\torch\\nn\\functional.py:2900:0\n\t\t-   %339 : bool = prim::Constant[value=1](), scope: __module.transformer_layers.1.norm # c:\\Users\\jaabi\\Documents\\ulisboa\\deep learning\\asl_project\\venv\\Lib\\site-packages\\torch\\nn\\functional.py:2900:0\n\t\t?    ^^\n\t\t+   %179 : bool = prim::Constant[value=1](), scope: __module.transformer_layers.1.norm # c:\\Users\\jaabi\\Documents\\ulisboa\\deep learning\\asl_project\\venv\\Lib\\site-packages\\torch\\nn\\functional.py:2900:0\n\t\t?    ^^\n\t\t-   %340 : float = prim::Constant[value=1.0000000000000001e-05](), scope: __module.transformer_layers.1.norm # c:\\Users\\jaabi\\Documents\\ulisboa\\deep learning\\asl_project\\venv\\Lib\\site-packages\\torch\\nn\\functional.py:2900:0\n\t\t?    ^^^^^\n\t\t+   %180 : float = prim::Constant[value=1.0000000000000001e-05](), scope: __module.transformer_layers.1.norm # c:\\Users\\jaabi\\Documents\\ulisboa\\deep learning\\asl_project\\venv\\Lib\\site-packages\\torch\\nn\\functional.py:2900:0\n\t\t?    ^^^^^\n\t\t-   %341 : int = prim::Constant[value=512](), scope: __module.transformer_layers.1.norm # c:\\Users\\jaabi\\Documents\\ulisboa\\deep learning\\asl_project\\venv\\Lib\\site-packages\\torch\\nn\\functional.py:2900:0\n\t\t?    ^^^^^^^^^\n\t\t+   %181 : int = prim::Constant[value=512](), scope: __module.transformer_layers.1.norm # c:\\Users\\jaabi\\Documents\\ulisboa\\deep learning\\asl_project\\venv\\Lib\\site-packages\\torch\\nn\\functional.py:2900:0\n\t\t?    ^^^^^^^^^\n\t\t-   %bias.57 : Tensor = prim::GetAttr[name=\"bias\"](%norm.3)\n\t\t?         ^^\n\t\t+   %bias.41 : Tensor = prim::GetAttr[name=\"bias\"](%norm.3)\n\t\t?         ^^\n\t\t-   %weight.57 : Tensor = prim::GetAttr[name=\"weight\"](%norm.3)\n\t\t?           ^^\n\t\t+   %weight.41 : Tensor = prim::GetAttr[name=\"weight\"](%norm.3)\n\t\t?           ^^\n\t\t-   %344 : int[] = prim::ListConstruct(%341), scope: __module.transformer_layers.1.norm\n\t\t?    ^ -                                ^^\n\t\t+   %184 : int[] = prim::ListConstruct(%181), scope: __module.transformer_layers.1.norm\n\t\t?    ^^                                 ^^\n\t\t-   %query.9 : Tensor = aten::layer_norm(%input.45, %344, %weight.57, %bias.57, %340, %339), scope: __module.transformer_layers.1.norm # c:\\Users\\jaabi\\Documents\\ulisboa\\deep learning\\asl_project\\venv\\Lib\\site-packages\\torch\\nn\\functional.py:2900:0\n\t\t?    ^^^^ -----------------------                ^^^^^^^^         ^ ---------------------\n\t\t+   %src.5 : Tensor = aten::layer_norm(%input.13, %184, %weight.41, %bias.41, %180, %179), scope: __module.transformer_layers.1.norm # c:\\Users\\jaabi\\Documents\\ulisboa\\deep learning\\asl_project\\venv\\Lib\\site-packages\\torch\\nn\\functional.py:2900:0\n\t\t?    ^^^^^^^^^^^^^^^^^^^^^^^^^                +++++++ ^         ^^^^^^^^^^^^^^^^^^^^^^\n\t\t+   %186 : NoneType = prim::Constant(), scope: __module.transformer_layers.2.encoder\n\t\t+   %187 : float = prim::Constant[value=1.0000000000000001e-05](), scope: __module.transformer_layers.2.encoder # c:\\Users\\jaabi\\Documents\\ulisboa\\deep learning\\asl_project\\venv\\Lib\\site-packages\\torch\\nn\\modules\\transformer.py:871:0\n\t\t+   %188 : bool = prim::Constant[value=0](), scope: __module.transformer_layers.2.encoder # c:\\Users\\jaabi\\Documents\\ulisboa\\deep learning\\asl_project\\venv\\Lib\\site-packages\\torch\\nn\\modules\\transformer.py:871:0\n\t\t+   %189 : int = prim::Constant[value=8](), scope: __module.transformer_layers.2.encoder # c:\\Users\\jaabi\\Documents\\ulisboa\\deep learning\\asl_project\\venv\\Lib\\site-packages\\torch\\nn\\modules\\transformer.py:871:0\n\t\t+   %190 : int = prim::Constant[value=512](), scope: __module.transformer_layers.2.encoder # c:\\Users\\jaabi\\Documents\\ulisboa\\deep learning\\asl_project\\venv\\Lib\\site-packages\\torch\\nn\\modules\\transformer.py:871:0\n\t\t+   %linear2.11 : __torch__.torch.nn.modules.linear.Linear = prim::GetAttr[name=\"linear2\"](%encoder.5)\n\t\t+   %bias.51 : Tensor = prim::GetAttr[name=\"bias\"](%linear2.11)\n\t\t+   %linear2.9 : __torch__.torch.nn.modules.linear.Linear = prim::GetAttr[name=\"linear2\"](%encoder.5)\n\t\t+   %weight.51 : Tensor = prim::GetAttr[name=\"weight\"](%linear2.9)\n\t\t+   %linear1.11 : __torch__.torch.nn.modules.linear.Linear = prim::GetAttr[name=\"linear1\"](%encoder.5)\n\t\t+   %bias.49 : Tensor = prim::GetAttr[name=\"bias\"](%linear1.11)\n\t\t+   %linear1.9 : __torch__.torch.nn.modules.linear.Linear = prim::GetAttr[name=\"linear1\"](%encoder.5)\n\t\t+   %weight.49 : Tensor = prim::GetAttr[name=\"weight\"](%linear1.9)\n\t\t+   %norm2.11 : __torch__.torch.nn.modules.normalization.LayerNorm = prim::GetAttr[name=\"norm2\"](%encoder.5)\n\t\t+   %bias.47 : Tensor = prim::GetAttr[name=\"bias\"](%norm2.11)\n\t\t-   %346 : int = prim::Constant[value=512](), scope: __module.transformer_layers.2.encoder/__module.transformer_layers.2.encoder.norm1 # c:\\Users\\jaabi\\Documents\\ulisboa\\deep learning\\asl_project\\venv\\Lib\\site-packages\\torch\\nn\\functional.py:2900:0\n\t\t-   %347 : float = prim::Constant[value=1.0000000000000001e-05](), scope: __module.transformer_layers.2.encoder/__module.transformer_layers.2.encoder.norm1 # c:\\Users\\jaabi\\Documents\\ulisboa\\deep learning\\asl_project\\venv\\Lib\\site-packages\\torch\\nn\\functional.py:2900:0\n\t\t-   %348 : bool = prim::Constant[value=1](), scope: __module.transformer_layers.2.encoder/__module.transformer_layers.2.encoder.norm1 # c:\\Users\\jaabi\\Documents\\ulisboa\\deep learning\\asl_project\\venv\\Lib\\site-packages\\torch\\nn\\functional.py:2900:0\n\t\t-   %349 : float = prim::Constant[value=0.41999999999999998](), scope: __module.transformer_layers.2.encoder/__module.transformer_layers.2.encoder.dropout1 # c:\\Users\\jaabi\\Documents\\ulisboa\\deep learning\\asl_project\\venv\\Lib\\site-packages\\torch\\nn\\functional.py:1425:0\n\t\t-   %350 : int = prim::Constant[value=1](), scope: __module.transformer_layers.2.encoder/__module.transformer_layers.2.encoder.self_attn # c:\\Users\\jaabi\\Documents\\ulisboa\\deep learning\\asl_project\\venv\\Lib\\site-packages\\torch\\nn\\modules\\activation.py:1334:0\n\t\t-   %351 : int = prim::Constant[value=0](), scope: __module.transformer_layers.2.encoder/__module.transformer_layers.2.encoder.self_attn # c:\\Users\\jaabi\\Documents\\ulisboa\\deep learning\\asl_project\\venv\\Lib\\site-packages\\torch\\nn\\modules\\activation.py:1334:0\n\t\t-   %352 : int = prim::Constant[value=2](), scope: __module.transformer_layers.2.encoder/__module.transformer_layers.2.encoder.self_attn # c:\\Users\\jaabi\\Documents\\ulisboa\\deep learning\\asl_project\\venv\\Lib\\site-packages\\torch\\nn\\functional.py:6030:0\n\t\t-   %353 : Tensor = prim::Constant[value={8}](), scope: __module.transformer_layers.2.encoder/__module.transformer_layers.2.encoder.self_attn # c:\\Users\\jaabi\\Documents\\ulisboa\\deep learning\\asl_project\\venv\\Lib\\site-packages\\torch\\nn\\functional.py:6074:0\n\t\t-   %354 : str = prim::Constant[value=\"trunc\"](), scope: __module.transformer_layers.2.encoder/__module.transformer_layers.2.encoder.self_attn # c:\\Users\\jaabi\\Documents\\ulisboa\\deep learning\\asl_project\\venv\\Lib\\site-packages\\torch\\nn\\functional.py:6074:0\n\t\t-   %355 : int = prim::Constant[value=-1](), scope: __module.transformer_layers.2.encoder/__module.transformer_layers.2.encoder.self_attn # c:\\Users\\jaabi\\Documents\\ulisboa\\deep learning\\asl_project\\venv\\Lib\\site-packages\\torch\\nn\\functional.py:5497:0\n\t\t-   %356 : int = prim::Constant[value=3](), scope: __module.transformer_layers.2.encoder/__module.transformer_layers.2.encoder.self_attn # c:\\Users\\jaabi\\Documents\\ulisboa\\deep learning\\asl_project\\venv\\Lib\\site-packages\\torch\\_tensor.py:1376:0\n\t\t-   %357 : int = prim::Constant[value=-2](), scope: __module.transformer_layers.2.encoder/__module.transformer_layers.2.encoder.self_attn # c:\\Users\\jaabi\\Documents\\ulisboa\\deep learning\\asl_project\\venv\\Lib\\site-packages\\torch\\nn\\functional.py:5506:0\n\t\t-   %358 : int = prim::Constant[value=8](), scope: __module.transformer_layers.2.encoder/__module.transformer_layers.2.encoder.self_attn # c:\\Users\\jaabi\\Documents\\ulisboa\\deep learning\\asl_project\\venv\\Lib\\site-packages\\torch\\nn\\functional.py:6274:0\n\t\t-   %359 : NoneType = prim::Constant(), scope: __module.transformer_layers.2.encoder/__module.transformer_layers.2.encoder.self_attn\n\t\t-   %360 : float = prim::Constant[value=0.](), scope: __module.transformer_layers.2.encoder/__module.transformer_layers.2.encoder.self_attn # c:\\Users\\jaabi\\Documents\\ulisboa\\deep learning\\asl_project\\venv\\Lib\\site-packages\\torch\\nn\\functional.py:6278:0\n\t\t-   %361 : bool = prim::Constant[value=0](), scope: __module.transformer_layers.2.encoder/__module.transformer_layers.2.encoder.self_attn # c:\\Users\\jaabi\\Documents\\ulisboa\\deep learning\\asl_project\\venv\\Lib\\site-packages\\torch\\nn\\functional.py:6278:0\n\t\t-   %norm2.5 : __torch__.torch.nn.modules.normalization.LayerNorm = prim::GetAttr[name=\"norm2\"](%encoder.5)\n\t\t?          ^\n\t\t+   %norm2.9 : __torch__.torch.nn.modules.normalization.LayerNorm = prim::GetAttr[name=\"norm2\"](%encoder.5)\n\t\t?          ^\n\t\t+   %weight.47 : Tensor = prim::GetAttr[name=\"weight\"](%norm2.9)\n\t\t-   %dropout2.5 : __torch__.torch.nn.modules.dropout.Dropout = prim::GetAttr[name=\"dropout2\"](%encoder.5)\n\t\t-   %linear2.5 : __torch__.torch.nn.modules.linear.Linear = prim::GetAttr[name=\"linear2\"](%encoder.5)\n\t\t-   %dropout.5 : __torch__.torch.nn.modules.dropout.Dropout = prim::GetAttr[name=\"dropout\"](%encoder.5)\n\t\t-   %linear1.5 : __torch__.torch.nn.modules.linear.Linear = prim::GetAttr[name=\"linear1\"](%encoder.5)\n\t\t?    -- ^^   ^                                 ---  ^^ -                        -- ^^\n\t\t+   %norm1.11 : __torch__.torch.nn.modules.normalization.LayerNorm = prim::GetAttr[name=\"norm1\"](%encoder.5)\n\t\t?     ^ +  ^^                              +++++  +++++   ^^  ++++                        ^ +\n\t\t+   %bias.45 : Tensor = prim::GetAttr[name=\"bias\"](%norm1.11)\n\t\t-   %norm1.5 : __torch__.torch.nn.modules.normalization.LayerNorm = prim::GetAttr[name=\"norm1\"](%encoder.5)\n\t\t?          ^\n\t\t+   %norm1.9 : __torch__.torch.nn.modules.normalization.LayerNorm = prim::GetAttr[name=\"norm1\"](%encoder.5)\n\t\t?          ^\n\t\t-   %dropout1.5 : __torch__.torch.nn.modules.dropout.Dropout = prim::GetAttr[name=\"dropout1\"](%encoder.5)\n\t\t+   %weight.45 : Tensor = prim::GetAttr[name=\"weight\"](%norm1.9)\n\t\t-   %self_attn.5 : __torch__.torch.nn.modules.activation.MultiheadAttention = prim::GetAttr[name=\"self_attn\"](%encoder.5)\n\t\t?              ^\n\t\t+   %self_attn.23 : __torch__.torch.nn.modules.activation.MultiheadAttention = prim::GetAttr[name=\"self_attn\"](%encoder.5)\n\t\t?              ^^\n\t\t-   %out_proj.11 : __torch__.torch.nn.modules.linear.NonDynamicallyQuantizableLinear = prim::GetAttr[name=\"out_proj\"](%self_attn.5)\n\t\t?                                                                                                                                ^\n\t\t+   %out_proj.11 : __torch__.torch.nn.modules.linear.NonDynamicallyQuantizableLinear = prim::GetAttr[name=\"out_proj\"](%self_attn.23)\n\t\t?                                                                                                                                ^^\n\t\t-   %bias.59 : Tensor = prim::GetAttr[name=\"bias\"](%out_proj.11)\n\t\t?         ^^\n\t\t+   %bias.43 : Tensor = prim::GetAttr[name=\"bias\"](%out_proj.11)\n\t\t?         ^^\n\t\t+   %self_attn.21 : __torch__.torch.nn.modules.activation.MultiheadAttention = prim::GetAttr[name=\"self_attn\"](%encoder.5)\n\t\t-   %out_proj.9 : __torch__.torch.nn.modules.linear.NonDynamicallyQuantizableLinear = prim::GetAttr[name=\"out_proj\"](%self_attn.5)\n\t\t?                                                                                                                               ^\n\t\t+   %out_proj.9 : __torch__.torch.nn.modules.linear.NonDynamicallyQuantizableLinear = prim::GetAttr[name=\"out_proj\"](%self_attn.21)\n\t\t?                                                                                                                               ^^\n\t\t-   %weight.59 : Tensor = prim::GetAttr[name=\"weight\"](%out_proj.9)\n\t\t?           ^^\n\t\t+   %weight.43 : Tensor = prim::GetAttr[name=\"weight\"](%out_proj.9)\n\t\t?           ^^\n\t\t+   %self_attn.19 : __torch__.torch.nn.modules.activation.MultiheadAttention = prim::GetAttr[name=\"self_attn\"](%encoder.5)\n\t\t-   %in_proj_bias.5 : Tensor = prim::GetAttr[name=\"in_proj_bias\"](%self_attn.5)\n\t\t?                                                                            ^\n\t\t+   %in_proj_bias.5 : Tensor = prim::GetAttr[name=\"in_proj_bias\"](%self_attn.19)\n\t\t?                                                                            ^^\n\t\t+   %self_attn.17 : __torch__.torch.nn.modules.activation.MultiheadAttention = prim::GetAttr[name=\"self_attn\"](%encoder.5)\n\t\t-   %in_proj_weight.5 : Tensor = prim::GetAttr[name=\"in_proj_weight\"](%self_attn.5)\n\t\t?                                                                                ^\n\t\t+   %in_proj_weight.5 : Tensor = prim::GetAttr[name=\"in_proj_weight\"](%self_attn.17)\n\t\t?                                                                                ^^\n\t\t+   %input.15 : Tensor = aten::_transformer_encoder_layer_fwd(%src.5, %190, %189, %in_proj_weight.5, %in_proj_bias.5, %weight.43, %bias.43, %188, %188, %187, %weight.45, %bias.45, %weight.47, %bias.47, %weight.49, %bias.49, %weight.51, %bias.51, %186, %186), scope: __module.transformer_layers.2.encoder # c:\\Users\\jaabi\\Documents\\ulisboa\\deep learning\\asl_project\\venv\\Lib\\site-packages\\torch\\nn\\modules\\transformer.py:871:0\n\t\t-   %query.11 : Tensor = aten::transpose(%query.9, %350, %351), scope: __module.transformer_layers.2.encoder/__module.transformer_layers.2.encoder.self_attn # c:\\Users\\jaabi\\Documents\\ulisboa\\deep learning\\asl_project\\venv\\Lib\\site-packages\\torch\\nn\\modules\\activation.py:1334:0\n\t\t-   %377 : int = aten::size(%query.11, %351), scope: __module.transformer_layers.2.encoder/__module.transformer_layers.2.encoder.self_attn # c:\\Users\\jaabi\\Documents\\ulisboa\\deep learning\\asl_project\\venv\\Lib\\site-packages\\torch\\nn\\functional.py:6030:0\n\t\t-   %tgt_len.5 : Tensor = prim::NumToTensor(%377), scope: __module.transformer_layers.2.encoder/__module.transformer_layers.2.encoder.self_attn\n\t\t-   %379 : int = aten::size(%query.11, %350), scope: __module.transformer_layers.2.encoder/__module.transformer_layers.2.encoder.self_attn # c:\\Users\\jaabi\\Documents\\ulisboa\\deep learning\\asl_project\\venv\\Lib\\site-packages\\torch\\nn\\functional.py:6030:0\n\t\t-   %bsz.5 : Tensor = prim::NumToTensor(%379), scope: __module.transformer_layers.2.encoder/__module.transformer_layers.2.encoder.self_attn\n\t\t-   %381 : int = aten::size(%query.11, %352), scope: __module.transformer_layers.2.encoder/__module.transformer_layers.2.encoder.self_attn # c:\\Users\\jaabi\\Documents\\ulisboa\\deep learning\\asl_project\\venv\\Lib\\site-packages\\torch\\nn\\functional.py:6030:0\n\t\t-   %embed_dim.5 : Tensor = prim::NumToTensor(%381), scope: __module.transformer_layers.2.encoder/__module.transformer_layers.2.encoder.self_attn\n\t\t-   %head_dim.5 : Tensor = aten::div(%embed_dim.5, %353, %354), scope: __module.transformer_layers.2.encoder/__module.transformer_layers.2.encoder.self_attn # c:\\Users\\jaabi\\Documents\\ulisboa\\deep learning\\asl_project\\venv\\Lib\\site-packages\\torch\\nn\\functional.py:6074:0\n\t\t-   %384 : int = aten::Int(%head_dim.5), scope: __module.transformer_layers.2.encoder/__module.transformer_layers.2.encoder.self_attn\n\t\t-   %385 : int = aten::Int(%head_dim.5), scope: __module.transformer_layers.2.encoder/__module.transformer_layers.2.encoder.self_attn\n\t\t-   %386 : int = aten::Int(%head_dim.5), scope: __module.transformer_layers.2.encoder/__module.transformer_layers.2.encoder.self_attn\n\t\t-   %387 : int = aten::Int(%head_dim.5), scope: __module.transformer_layers.2.encoder/__module.transformer_layers.2.encoder.self_attn\n\t\t-   %388 : int = aten::Int(%head_dim.5), scope: __module.transformer_layers.2.encoder/__module.transformer_layers.2.encoder.self_attn\n\t\t-   %389 : int = aten::Int(%head_dim.5), scope: __module.transformer_layers.2.encoder/__module.transformer_layers.2.encoder.self_attn\n\t\t-   %390 : int = aten::size(%query.11, %355), scope: __module.transformer_layers.2.encoder/__module.transformer_layers.2.encoder.self_attn # c:\\Users\\jaabi\\Documents\\ulisboa\\deep learning\\asl_project\\venv\\Lib\\site-packages\\torch\\nn\\functional.py:5497:0\n\t\t-   %391 : Tensor = aten::linear(%query.11, %in_proj_weight.5, %in_proj_bias.5), scope: __module.transformer_layers.2.encoder/__module.transformer_layers.2.encoder.self_attn # c:\\Users\\jaabi\\Documents\\ulisboa\\deep learning\\asl_project\\venv\\Lib\\site-packages\\torch\\nn\\functional.py:5501:0\n\t\t-   %392 : int[] = prim::ListConstruct(%356, %390), scope: __module.transformer_layers.2.encoder/__module.transformer_layers.2.encoder.self_attn\n\t\t-   %393 : Tensor = aten::unflatten(%391, %355, %392), scope: __module.transformer_layers.2.encoder/__module.transformer_layers.2.encoder.self_attn # c:\\Users\\jaabi\\Documents\\ulisboa\\deep learning\\asl_project\\venv\\Lib\\site-packages\\torch\\_tensor.py:1376:0\n\t\t-   %394 : Tensor = aten::unsqueeze(%393, %351), scope: __module.transformer_layers.2.encoder/__module.transformer_layers.2.encoder.self_attn # c:\\Users\\jaabi\\Documents\\ulisboa\\deep learning\\asl_project\\venv\\Lib\\site-packages\\torch\\nn\\functional.py:5505:0\n\t\t-   %395 : Tensor = aten::transpose(%394, %351, %357), scope: __module.transformer_layers.2.encoder/__module.transformer_layers.2.encoder.self_attn # c:\\Users\\jaabi\\Documents\\ulisboa\\deep learning\\asl_project\\venv\\Lib\\site-packages\\torch\\nn\\functional.py:5506:0\n\t\t-   %396 : Tensor = aten::squeeze(%395, %357), scope: __module.transformer_layers.2.encoder/__module.transformer_layers.2.encoder.self_attn # c:\\Users\\jaabi\\Documents\\ulisboa\\deep learning\\asl_project\\venv\\Lib\\site-packages\\torch\\nn\\functional.py:5507:0\n\t\t-   %proj.5 : Tensor = aten::contiguous(%396, %351), scope: __module.transformer_layers.2.encoder/__module.transformer_layers.2.encoder.self_attn # c:\\Users\\jaabi\\Documents\\ulisboa\\deep learning\\asl_project\\venv\\Lib\\site-packages\\torch\\nn\\functional.py:5508:0\n\t\t-   %q.13 : Tensor = aten::select(%proj.5, %351, %351), scope: __module.transformer_layers.2.encoder/__module.transformer_layers.2.encoder.self_attn # c:\\Users\\jaabi\\Documents\\ulisboa\\deep learning\\asl_project\\venv\\Lib\\site-packages\\torch\\nn\\functional.py:5510:0\n\t\t-   %k.13 : Tensor = aten::select(%proj.5, %351, %350), scope: __module.transformer_layers.2.encoder/__module.transformer_layers.2.encoder.self_attn # c:\\Users\\jaabi\\Documents\\ulisboa\\deep learning\\asl_project\\venv\\Lib\\site-packages\\torch\\nn\\functional.py:5510:0\n\t\t-   %v.13 : Tensor = aten::select(%proj.5, %351, %352), scope: __module.transformer_layers.2.encoder/__module.transformer_layers.2.encoder.self_attn # c:\\Users\\jaabi\\Documents\\ulisboa\\deep learning\\asl_project\\venv\\Lib\\site-packages\\torch\\nn\\functional.py:5510:0\n\t\t-   %401 : Tensor = aten::mul(%bsz.5, %353), scope: __module.transformer_layers.2.encoder/__module.transformer_layers.2.encoder.self_attn # c:\\Users\\jaabi\\Documents\\ulisboa\\deep learning\\asl_project\\venv\\Lib\\site-packages\\torch\\nn\\functional.py:6163:0\n\t\t-   %402 : int = aten::Int(%401), scope: __module.transformer_layers.2.encoder/__module.transformer_layers.2.encoder.self_attn\n\t\t-   %403 : int[] = prim::ListConstruct(%377, %402, %389), scope: __module.transformer_layers.2.encoder/__module.transformer_layers.2.encoder.self_attn\n\t\t-   %404 : Tensor = aten::view(%q.13, %403), scope: __module.transformer_layers.2.encoder/__module.transformer_layers.2.encoder.self_attn # c:\\Users\\jaabi\\Documents\\ulisboa\\deep learning\\asl_project\\venv\\Lib\\site-packages\\torch\\nn\\functional.py:6163:0\n\t\t-   %q.15 : Tensor = aten::transpose(%404, %351, %350), scope: __module.transformer_layers.2.encoder/__module.transformer_layers.2.encoder.self_attn # c:\\Users\\jaabi\\Documents\\ulisboa\\deep learning\\asl_project\\venv\\Lib\\site-packages\\torch\\nn\\functional.py:6163:0\n\t\t-   %406 : int = aten::size(%k.13, %351), scope: __module.transformer_layers.2.encoder/__module.transformer_layers.2.encoder.self_attn # c:\\Users\\jaabi\\Documents\\ulisboa\\deep learning\\asl_project\\venv\\Lib\\site-packages\\torch\\nn\\functional.py:6165:0\n\t\t-   %407 : Tensor = aten::mul(%bsz.5, %353), scope: __module.transformer_layers.2.encoder/__module.transformer_layers.2.encoder.self_attn # c:\\Users\\jaabi\\Documents\\ulisboa\\deep learning\\asl_project\\venv\\Lib\\site-packages\\torch\\nn\\functional.py:6165:0\n\t\t-   %408 : int = aten::Int(%407), scope: __module.transformer_layers.2.encoder/__module.transformer_layers.2.encoder.self_attn\n\t\t-   %409 : int[] = prim::ListConstruct(%406, %408, %388), scope: __module.transformer_layers.2.encoder/__module.transformer_layers.2.encoder.self_attn\n\t\t-   %410 : Tensor = aten::view(%k.13, %409), scope: __module.transformer_layers.2.encoder/__module.transformer_layers.2.encoder.self_attn # c:\\Users\\jaabi\\Documents\\ulisboa\\deep learning\\asl_project\\venv\\Lib\\site-packages\\torch\\nn\\functional.py:6165:0\n\t\t-   %k.15 : Tensor = aten::transpose(%410, %351, %350), scope: __module.transformer_layers.2.encoder/__module.transformer_layers.2.encoder.self_attn # c:\\Users\\jaabi\\Documents\\ulisboa\\deep learning\\asl_project\\venv\\Lib\\site-packages\\torch\\nn\\functional.py:6165:0\n\t\t-   %412 : int = aten::size(%v.13, %351), scope: __module.transformer_layers.2.encoder/__module.transformer_layers.2.encoder.self_attn # c:\\Users\\jaabi\\Documents\\ulisboa\\deep learning\\asl_project\\venv\\Lib\\site-packages\\torch\\nn\\functional.py:6176:0\n\t\t-   %413 : Tensor = aten::mul(%bsz.5, %353), scope: __module.transformer_layers.2.encoder/__module.transformer_layers.2.encoder.self_attn # c:\\Users\\jaabi\\Documents\\ulisboa\\deep learning\\asl_project\\venv\\Lib\\site-packages\\torch\\nn\\functional.py:6176:0\n\t\t-   %414 : int = aten::Int(%413), scope: __module.transformer_layers.2.encoder/__module.transformer_layers.2.encoder.self_attn\n\t\t-   %415 : int[] = prim::ListConstruct(%412, %414, %387), scope: __module.transformer_layers.2.encoder/__module.transformer_layers.2.encoder.self_attn\n\t\t-   %416 : Tensor = aten::view(%v.13, %415), scope: __module.transformer_layers.2.encoder/__module.transformer_layers.2.encoder.self_attn # c:\\Users\\jaabi\\Documents\\ulisboa\\deep learning\\asl_project\\venv\\Lib\\site-packages\\torch\\nn\\functional.py:6176:0\n\t\t-   %v.15 : Tensor = aten::transpose(%416, %351, %350), scope: __module.transformer_layers.2.encoder/__module.transformer_layers.2.encoder.self_attn # c:\\Users\\jaabi\\Documents\\ulisboa\\deep learning\\asl_project\\venv\\Lib\\site-packages\\torch\\nn\\functional.py:6176:0\n\t\t-   %418 : int = aten::size(%k.15, %350), scope: __module.transformer_layers.2.encoder/__module.transformer_layers.2.encoder.self_attn # c:\\Users\\jaabi\\Documents\\ulisboa\\deep learning\\asl_project\\venv\\Lib\\site-packages\\torch\\nn\\functional.py:6202:0\n\t\t-   %419 : int[] = prim::ListConstruct(%379, %358, %377, %386), scope: __module.transformer_layers.2.encoder/__module.transformer_layers.2.encoder.self_attn\n\t\t-   %q.17 : Tensor = aten::view(%q.15, %419), scope: __module.transformer_layers.2.encoder/__module.transformer_layers.2.encoder.self_attn # c:\\Users\\jaabi\\Documents\\ulisboa\\deep learning\\asl_project\\venv\\Lib\\site-packages\\torch\\nn\\functional.py:6274:0\n\t\t-   %421 : int[] = prim::ListConstruct(%379, %358, %418, %385), scope: __module.transformer_layers.2.encoder/__module.transformer_layers.2.encoder.self_attn\n\t\t-   %k.17 : Tensor = aten::view(%k.15, %421), scope: __module.transformer_layers.2.encoder/__module.transformer_layers.2.encoder.self_attn # c:\\Users\\jaabi\\Documents\\ulisboa\\deep learning\\asl_project\\venv\\Lib\\site-packages\\torch\\nn\\functional.py:6275:0\n\t\t-   %423 : int[] = prim::ListConstruct(%379, %358, %418, %384), scope: __module.transformer_layers.2.encoder/__module.transformer_layers.2.encoder.self_attn\n\t\t-   %v.17 : Tensor = aten::view(%v.15, %423), scope: __module.transformer_layers.2.encoder/__module.transformer_layers.2.encoder.self_attn # c:\\Users\\jaabi\\Documents\\ulisboa\\deep learning\\asl_project\\venv\\Lib\\site-packages\\torch\\nn\\functional.py:6276:0\n\t\t-   %attn_output.17 : Tensor = aten::scaled_dot_product_attention(%q.17, %k.17, %v.17, %359, %360, %361, %359, %361), scope: __module.transformer_layers.2.encoder/__module.transformer_layers.2.encoder.self_attn # c:\\Users\\jaabi\\Documents\\ulisboa\\deep learning\\asl_project\\venv\\Lib\\site-packages\\torch\\nn\\functional.py:6278:0\n\t\t-   %426 : int[] = prim::ListConstruct(%352, %351, %350, %356), scope: __module.transformer_layers.2.encoder/__module.transformer_layers.2.encoder.self_attn\n\t\t-   %427 : Tensor = aten::permute(%attn_output.17, %426), scope: __module.transformer_layers.2.encoder/__module.transformer_layers.2.encoder.self_attn # c:\\Users\\jaabi\\Documents\\ulisboa\\deep learning\\asl_project\\venv\\Lib\\site-packages\\torch\\nn\\functional.py:6282:0\n\t\t-   %428 : Tensor = aten::contiguous(%427, %351), scope: __module.transformer_layers.2.encoder/__module.transformer_layers.2.encoder.self_attn # c:\\Users\\jaabi\\Documents\\ulisboa\\deep learning\\asl_project\\venv\\Lib\\site-packages\\torch\\nn\\functional.py:6282:0\n\t\t-   %429 : Tensor = aten::mul(%bsz.5, %tgt_len.5), scope: __module.transformer_layers.2.encoder/__module.transformer_layers.2.encoder.self_attn # c:\\Users\\jaabi\\Documents\\ulisboa\\deep learning\\asl_project\\venv\\Lib\\site-packages\\torch\\nn\\functional.py:6282:0\n\t\t-   %430 : int = aten::Int(%429), scope: __module.transformer_layers.2.encoder/__module.transformer_layers.2.encoder.self_attn\n\t\t-   %431 : int[] = prim::ListConstruct(%430, %381), scope: __module.transformer_layers.2.encoder/__module.transformer_layers.2.encoder.self_attn\n\t\t-   %attn_output.19 : Tensor = aten::view(%428, %431), scope: __module.transformer_layers.2.encoder/__module.transformer_layers.2.encoder.self_attn # c:\\Users\\jaabi\\Documents\\ulisboa\\deep learning\\asl_project...(truncated)